Archive member included to satisfy reference by file (symbol)

C:/Program Files/SEGGER/SEGGER Embedded Studio 8.24/lib/libc_v7em_fpv4_sp_d16_hard_t_le_eabi_balanced.a(fileops.o)
                              Output/Debug/Obj/uart_pca10056/main.o (puts)
C:/Program Files/SEGGER/SEGGER Embedded Studio 8.24/lib/libc_v7em_fpv4_sp_d16_hard_t_le_eabi_balanced.a(__SEGGER_RTL_vfprintf_long.o)
                              (__SEGGER_RTL_vfprintf_long)
C:/Program Files/SEGGER/SEGGER Embedded Studio 8.24/lib/libc_v7em_fpv4_sp_d16_hard_t_le_eabi_balanced.a(__SEGGER_RTL_vfscanf_long.o)
                              (__SEGGER_RTL_vfscanf_long)
C:/Program Files/SEGGER/SEGGER Embedded Studio 8.24/lib/libc_v7em_fpv4_sp_d16_hard_t_le_eabi_balanced.a(errno.o)
                              C:/Program Files/SEGGER/SEGGER Embedded Studio 8.24/lib/libc_v7em_fpv4_sp_d16_hard_t_le_eabi_balanced.a(fileops.o) (__aeabi_errno_addr)
C:/Program Files/SEGGER/SEGGER Embedded Studio 8.24/lib/libc_v7em_fpv4_sp_d16_hard_t_le_eabi_balanced.a(utilops.o)
                              C:/Program Files/SEGGER/SEGGER Embedded Studio 8.24/lib/libc_v7em_fpv4_sp_d16_hard_t_le_eabi_balanced.a(__SEGGER_RTL_vfscanf_long.o) (__SEGGER_RTL_digit)
C:/Program Files/SEGGER/SEGGER Embedded Studio 8.24/lib/libc_v7em_fpv4_sp_d16_hard_t_le_eabi_balanced.a(floatasmops_arm.o)
                              C:/Program Files/SEGGER/SEGGER Embedded Studio 8.24/lib/libc_v7em_fpv4_sp_d16_hard_t_le_eabi_balanced.a(utilops.o) (__aeabi_dmul)
C:/Program Files/SEGGER/SEGGER Embedded Studio 8.24/lib/libc_v7em_fpv4_sp_d16_hard_t_le_eabi_balanced.a(intasmops_arm.o)
                              C:/Program Files/SEGGER/SEGGER Embedded Studio 8.24/lib/libc_v7em_fpv4_sp_d16_hard_t_le_eabi_balanced.a(__SEGGER_RTL_vfprintf_long.o) (__aeabi_uldivmod)
C:/Program Files/SEGGER/SEGGER Embedded Studio 8.24/lib/libc_v7em_fpv4_sp_d16_hard_t_le_eabi_balanced.a(prinops.o)
                              C:/Program Files/SEGGER/SEGGER Embedded Studio 8.24/lib/libc_v7em_fpv4_sp_d16_hard_t_le_eabi_balanced.a(__SEGGER_RTL_vfprintf_long.o) (__SEGGER_RTL_putc)
C:/Program Files/SEGGER/SEGGER Embedded Studio 8.24/lib/prinops_rtt_v7em_fpv4_sp_d16_hard_t_le_eabi_balanced.a(prinops_rtt.o)
                              C:/Program Files/SEGGER/SEGGER Embedded Studio 8.24/lib/libc_v7em_fpv4_sp_d16_hard_t_le_eabi_balanced.a(fileops.o) (__SEGGER_RTL_X_file_stat)
C:/Program Files/SEGGER/SEGGER Embedded Studio 8.24/lib/prinops_rtt_v7em_fpv4_sp_d16_hard_t_le_eabi_balanced.a(SEGGER_RTT.o)
                              C:/Program Files/SEGGER/SEGGER Embedded Studio 8.24/lib/prinops_rtt_v7em_fpv4_sp_d16_hard_t_le_eabi_balanced.a(prinops_rtt.o) (SEGGER_RTT_Read)
C:/Program Files/SEGGER/SEGGER Embedded Studio 8.24/lib/heapops_basic_v7em_fpv4_sp_d16_hard_t_le_eabi_balanced.a(heapops_basic.o)
                              Output/Debug/Obj/uart_pca10056/thumb_crt0.o (__SEGGER_RTL_init_heap)
C:/Program Files/SEGGER/SEGGER Embedded Studio 8.24/lib/heapops_disable_interrupts_locking_v7em_fpv4_sp_d16_hard_t_le_eabi_balanced.a(heapops.o)
                              C:/Program Files/SEGGER/SEGGER Embedded Studio 8.24/lib/libc_v7em_fpv4_sp_d16_hard_t_le_eabi_balanced.a(prinops.o) (free)
C:/Program Files/SEGGER/SEGGER Embedded Studio 8.24/lib/strops_unaligned_v7em_fpv4_sp_d16_hard_t_le_eabi_balanced.a(strops.o)
                              Output/Debug/Obj/uart_pca10056/nrf_fprintf_format.o (strlen)
C:/Program Files/SEGGER/SEGGER Embedded Studio 8.24/lib/strops_unaligned_v7em_fpv4_sp_d16_hard_t_le_eabi_balanced.a(strasmops_arm.o)
                              C:/Program Files/SEGGER/SEGGER Embedded Studio 8.24/lib/strops_unaligned_v7em_fpv4_sp_d16_hard_t_le_eabi_balanced.a(strops.o) (strcmp)
C:/Program Files/SEGGER/SEGGER Embedded Studio 8.24/lib/mbops_timeops_v7em_fpv4_sp_d16_hard_t_le_eabi_balanced.a(mbops.o)
                              C:/Program Files/SEGGER/SEGGER Embedded Studio 8.24/lib/libc_v7em_fpv4_sp_d16_hard_t_le_eabi_balanced.a(prinops.o) (__SEGGER_RTL_current_locale)
C:/Program Files/SEGGER/SEGGER Embedded Studio 8.24/lib/mbops_timeops_v7em_fpv4_sp_d16_hard_t_le_eabi_balanced.a(timeops.o)
                              C:/Program Files/SEGGER/SEGGER Embedded Studio 8.24/lib/mbops_timeops_v7em_fpv4_sp_d16_hard_t_le_eabi_balanced.a(mbops.o) (__SEGGER_RTL_string_list_encode)
C:/Program Files/SEGGER/SEGGER Embedded Studio 8.24/lib/libc_v7em_fpv4_sp_d16_hard_t_le_eabi_balanced.a(execops.o)
                              C:/Program Files/SEGGER/SEGGER Embedded Studio 8.24/lib/strops_unaligned_v7em_fpv4_sp_d16_hard_t_le_eabi_balanced.a(strops.o) (__SEGGER_RTL_constraint_violation)
C:/Program Files/SEGGER/SEGGER Embedded Studio 8.24/lib/libc_v7em_fpv4_sp_d16_hard_t_le_eabi_balanced.a(execops_arm.o)
                              C:/Program Files/SEGGER/SEGGER Embedded Studio 8.24/lib/libc_v7em_fpv4_sp_d16_hard_t_le_eabi_balanced.a(execops.o) (__aeabi_SIGABRT)
[...]
Memory Configuration

Name             Origin             Length             Attributes
UNPLACED_SECTIONS 0x00000000         0x00000000         xw
RAM1             0x20000000         0x00040000         xw
FLASH1           0x00000000         0x00100000         xw
*default*        0x00000000         0xffffffff

Linker script and memory map

                0x20000000                        __RAM1_segment_start__ = 0x20000000
                0x20040000                        __RAM1_segment_end__ = 0x20040000
                0x00040000                        __RAM1_segment_size__ = 0x40000
                0x00000000                        __FLASH1_segment_start__ = 0x0
                0x00100000                        __FLASH1_segment_end__ = 0x100000
                0x00100000                        __FLASH1_segment_size__ = 0x100000
                0x00002000                        __HEAPSIZE__ = 0x2000
                0x00000000                        __SEGGER_RTL_vfprintf = __SEGGER_RTL_vfprintf_long
                0x00000000                        __SEGGER_RTL_vfscanf = __SEGGER_RTL_vfscanf_long
                0x00000000                        __STACKSIZE_PROCESS__ = 0x0
                0x00002000                        __STACKSIZE__ = 0x2000
                0x20002260                        __vectors_ram_load_start__ = 0x20002260

.vectors_ram    0x20002260        0x0
                0x20002260                        __vectors_ram_start__ = .
                0x20002260                        __app_ram_start__ = __vectors_ram_start__
 *(.vectors_ram .vectors_ram.*)
                0x20002260                        __vectors_ram_end__ = (__vectors_ram_start__ + SIZEOF (.vectors_ram))
                0x00000000                        __vectors_ram_size__ = SIZEOF (.vectors_ram)
                0x20002260                        __vectors_ram_load_end__ = __vectors_ram_end__
                0x00000001                        . = ASSERT (((__vectors_ram_start__ == __vectors_ram_end__) || ((__vectors_ram_end__ - __RAM1_segment_start__) <= __RAM1_segment_size__)), error: .vectors_ram is too large to fit in RAM1 memory segment)
                0x20002260                        __nrf_sections_run_load_start__ = ALIGN (__vectors_ram_end__, 0x4)

.nrf_sections_run
                0x20002260        0x0
                0x20002260                        __nrf_sections_run_start__ = .
                0x20002260                        __start_nrf_sections_run = __nrf_sections_run_start__
 *(.nrf_sections_run .nrf_sections_run.*)
                0x20002260                        __nrf_sections_run_end__ = (__nrf_sections_run_start__ + SIZEOF (.nrf_sections_run))
                0x00000000                        __nrf_sections_run_size__ = SIZEOF (.nrf_sections_run)
                0x20002260                        __nrf_sections_run_load_end__ = __nrf_sections_run_end__
                0x00000001                        . = ASSERT (((__nrf_sections_run_start__ == __nrf_sections_run_end__) || ((__nrf_sections_run_end__ - __RAM1_segment_start__) <= __RAM1_segment_size__)), error: .nrf_sections_run is too large to fit in RAM1 memory segment)
                0x00027000                        __vectors_load_start__ = 0x27000

.vectors        0x00027000      0x200
                0x00027000                        __vectors_start__ = .
 *(.vectors .vectors.*)
 .vectors       0x00027000      0x200 Output/Debug/Obj/uart_pca10056/ses_startup_nrf52840.o
                0x00027000                _vectors
                0x00027200                        __vectors_end__ = (__vectors_start__ + SIZEOF (.vectors))
                0x00000200                        __vectors_size__ = SIZEOF (.vectors)
                0x00027200                        __vectors_load_end__ = __vectors_end__
                0x00000001                        . = ASSERT (((__vectors_start__ == __vectors_end__) || ((__vectors_end__ - __FLASH1_segment_start__) <= __FLASH1_segment_size__)), error: .vectors is too large to fit in FLASH1 memory segment)
                0x00027200                        __init_load_start__ = ALIGN (__vectors_end__, 0x4)

.init           0x00027200      0x1e0
                0x00027200                        __init_start__ = .
 *(.init .init.*)
 .init          0x00027200      0x16c Output/Debug/Obj/uart_pca10056/thumb_crt0.o
                0x00027200                _start
                0x000272a8                exit
                0x000272a8                _Exit
 .init          0x0002736c       0x18 Output/Debug/Obj/uart_pca10056/ses_startup_nrf52840.o
                0x0002736c                NMI_Handler
                0x0002736e                HardFault_Handler
                0x00027370                MemoryManagement_Handler
                0x00027372                BusFault_Handler
                0x00027374                UsageFault_Handler
                0x00027376                SVC_Handler
                0x00027378                DebugMon_Handler
                0x0002737a                PendSV_Handler
                0x0002737c                SysTick_Handler
                0x0002737e                PWM1_IRQHandler
                0x0002737e                GPIOTE_IRQHandler
                0x0002737e                RTC0_IRQHandler
                0x0002737e                POWER_CLOCK_IRQHandler
                0x0002737e                RADIO_IRQHandler
                0x0002737e                SWI2_EGU2_IRQHandler
                0x0002737e                TEMP_IRQHandler
                0x0002737e                QDEC_IRQHandler
                0x0002737e                TIMER3_IRQHandler
                0x0002737e                PWM3_IRQHandler
                0x0002737e                FPU_IRQHandler
                0x0002737e                USBD_IRQHandler
                0x0002737e                SPIM0_SPIS0_TWIM0_TWIS0_SPI0_TWI0_IRQHandler
                0x0002737e                QSPI_IRQHandler
                0x0002737e                TIMER4_IRQHandler
                0x0002737e                PDM_IRQHandler
                0x0002737e                I2S_IRQHandler
                0x0002737e                SWI4_EGU4_IRQHandler
                0x0002737e                TIMER0_IRQHandler
                0x0002737e                UARTE1_IRQHandler
                0x0002737e                Dummy_Handler
                0x0002737e                TIMER1_IRQHandler
                0x0002737e                SPIM3_IRQHandler
                0x0002737e                PWM2_IRQHandler
                0x0002737e                ECB_IRQHandler
                0x0002737e                SPIM1_SPIS1_TWIM1_TWIS1_SPI1_TWI1_IRQHandler
                0x0002737e                SAADC_IRQHandler
                0x0002737e                CCM_AAR_IRQHandler
                0x0002737e                WDT_IRQHandler
                0x0002737e                SWI0_EGU0_IRQHandler
                0x0002737e                SWI5_EGU5_IRQHandler
                0x0002737e                RNG_IRQHandler
                0x0002737e                RTC2_IRQHandler
                0x0002737e                PWM0_IRQHandler
                0x0002737e                SWI3_EGU3_IRQHandler
                0x0002737e                RTC1_IRQHandler
                0x0002737e                SWI1_EGU1_IRQHandler
                0x0002737e                SPIM2_SPIS2_SPI2_IRQHandler
                0x0002737e                NFCT_IRQHandler
                0x0002737e                CRYPTOCELL_IRQHandler
                0x0002737e                MWU_IRQHandler
                0x0002737e                TIMER2_IRQHandler
                0x0002737e                COMP_LPCOMP_IRQHandler
                0x00027380                nRFInitialize
 .init          0x00027384       0x5c Output/Debug/Obj/uart_pca10056/ses_startup_nrf_common.o
                0x00027384                Reset_Handler
                0x00027388                afterInitialize
                0x000273ac                InitializeUserMemorySections
                0x000273e0                        __init_end__ = (__init_start__ + SIZEOF (.init))
                0x000001e0                        __init_size__ = SIZEOF (.init)
                0x000273e0                        __init_load_end__ = __init_end__
                0x00000001                        . = ASSERT (((__init_start__ == __init_end__) || ((__init_end__ - __FLASH1_segment_start__) <= __FLASH1_segment_size__)), error: .init is too large to fit in FLASH1 memory segment)
                0x000273e0                        __init_rodata_load_start__ = ALIGN (__init_end__, 0x4)

.init_rodata    0x000273e0        0x0
                0x000273e0                        __init_rodata_start__ = .
 *(.init_rodata .init_rodata.*)
                0x000273e0                        __init_rodata_end__ = (__init_rodata_start__ + SIZEOF (.init_rodata))
                0x00000000                        __init_rodata_size__ = SIZEOF (.init_rodata)
                0x000273e0                        __init_rodata_load_end__ = __init_rodata_end__
                0x00000001                        . = ASSERT (((__init_rodata_start__ == __init_rodata_end__) || ((__init_rodata_end__ - __FLASH1_segment_start__) <= __FLASH1_segment_size__)), error: .init_rodata is too large to fit in FLASH1 memory segment)
                0x000273e0                        __text_load_start__ = ALIGN (__init_rodata_end__, 0x4)

.text           0x000273e0     0x3038
                0x000273e0                        __text_start__ = .
 *(.text .text.* .gnu.linkonce.t.* .glue_7t .glue_7 .gcc_except_table .ARM.extab* .gnu.linkonce.armextab.*)
 .glue_7        0x000273e0        0x0 linker stubs
 .glue_7t       0x000273e0        0x0 linker stubs
 .text.__NVIC_SystemReset
                0x000273e0       0x28 Output/Debug/Obj/uart_pca10056/boards.o
 .text.nrf_gpio_pin_port_decode
                0x00027408       0x4c Output/Debug/Obj/uart_pca10056/boards.o
 .text.nrf_gpio_cfg
                0x00027454       0x62 Output/Debug/Obj/uart_pca10056/boards.o
 .text.nrf_gpio_cfg_output
                0x000274b6       0x22 Output/Debug/Obj/uart_pca10056/boards.o
 .text.nrf_gpio_cfg_input
                0x000274d8       0x2a Output/Debug/Obj/uart_pca10056/boards.o
 .text.nrf_gpio_pin_set
                0x00027502       0x28 Output/Debug/Obj/uart_pca10056/boards.o
 .text.nrf_gpio_pin_clear
                0x0002752a       0x28 Output/Debug/Obj/uart_pca10056/boards.o
 .text.nrf_gpio_pin_write
                0x00027552       0x24 Output/Debug/Obj/uart_pca10056/boards.o
 .text.nrf_gpio_port_out_set
                0x00027576       0x14 Output/Debug/Obj/uart_pca10056/boards.o
 .text.nrf_gpio_port_out_clear
                0x0002758a       0x14 Output/Debug/Obj/uart_pca10056/boards.o
 .text.nrf_gpio_pin_present_check
                0x0002759e       0x48 Output/Debug/Obj/uart_pca10056/boards.o
 *fill*         0x000275e6        0x2 
 .text.bsp_board_led_off
                0x000275e8       0x34 Output/Debug/Obj/uart_pca10056/boards.o
                0x000275e8                bsp_board_led_off
 .text.bsp_board_leds_off
                0x0002761c       0x26 Output/Debug/Obj/uart_pca10056/boards.o
                0x0002761c                bsp_board_leds_off
 *fill*         0x00027642        0x2 
 .text.gpio_output_voltage_setup
                0x00027644       0x60 Output/Debug/Obj/uart_pca10056/boards.o
 .text.bsp_board_leds_init
                0x000276a4       0x48 Output/Debug/Obj/uart_pca10056/boards.o
 .text.bsp_board_buttons_init
                0x000276ec       0x2a Output/Debug/Obj/uart_pca10056/boards.o
 .text.bsp_board_init
                0x00027716       0x2a Output/Debug/Obj/uart_pca10056/boards.o
                0x00027716                bsp_board_init
 .text.app_error_save_and_stop
                0x00027740       0x98 Output/Debug/Obj/uart_pca10056/app_error.o
                0x00027740                app_error_save_and_stop
 .text.app_error_handler
                0x000277d8       0x1c Output/Debug/Obj/uart_pca10056/app_error_handler_gcc.o
                0x000277d8                app_error_handler
 .text.app_error_fault_handler
                0x000277f4       0x54 Output/Debug/Obj/uart_pca10056/app_error_weak.o
                0x000277f4                app_error_fault_handler
 .text.fifo_length
                0x00027848       0x18 Output/Debug/Obj/uart_pca10056/app_fifo.o
 .text.fifo_put
                0x00027860       0x30 Output/Debug/Obj/uart_pca10056/app_fifo.o
 .text.fifo_peek
                0x00027890       0x2e Output/Debug/Obj/uart_pca10056/app_fifo.o
 .text.fifo_get
                0x000278be       0x24 Output/Debug/Obj/uart_pca10056/app_fifo.o
 .text.app_fifo_init
                0x000278e2       0x58 Output/Debug/Obj/uart_pca10056/app_fifo.o
                0x000278e2                app_fifo_init
 .text.app_fifo_put
                0x0002793a       0x36 Output/Debug/Obj/uart_pca10056/app_fifo.o
                0x0002793a                app_fifo_put
 .text.app_fifo_get
                0x00027970       0x2a Output/Debug/Obj/uart_pca10056/app_fifo.o
                0x00027970                app_fifo_get
 *fill*         0x0002799a        0x2 
 .text.nrf_drv_uart_tx
                0x0002799c       0x64 Output/Debug/Obj/uart_pca10056/app_uart_fifo.o
 .text.nrf_drv_uart_tx_in_progress
                0x00027a00       0x5c Output/Debug/Obj/uart_pca10056/app_uart_fifo.o
 .text.nrf_drv_uart_rx
                0x00027a5c       0x64 Output/Debug/Obj/uart_pca10056/app_uart_fifo.o
 .text.fifo_length
                0x00027ac0       0x18 Output/Debug/Obj/uart_pca10056/app_uart_fifo.o
 .text.uart_event_handler
                0x00027ad8      0x110 Output/Debug/Obj/uart_pca10056/app_uart_fifo.o
 .text.app_uart_init
                0x00027be8      0x120 Output/Debug/Obj/uart_pca10056/app_uart_fifo.o
                0x00027be8                app_uart_init
 .text.app_uart_get
                0x00027d08       0x74 Output/Debug/Obj/uart_pca10056/app_uart_fifo.o
                0x00027d08                app_uart_get
 .text.app_uart_put
                0x00027d7c       0x60 Output/Debug/Obj/uart_pca10056/app_uart_fifo.o
                0x00027d7c                app_uart_put
 .text.app_util_disable_irq
                0x00027ddc       0x18 Output/Debug/Obj/uart_pca10056/app_util_platform.o
                0x00027ddc                app_util_disable_irq
 .text.app_util_enable_irq
                0x00027df4       0x20 Output/Debug/Obj/uart_pca10056/app_util_platform.o
                0x00027df4                app_util_enable_irq
 .text.app_util_critical_region_enter
                0x00027e14       0x28 Output/Debug/Obj/uart_pca10056/app_util_platform.o
                0x00027e14                app_util_critical_region_enter
 .text.app_util_critical_region_exit
                0x00027e3c       0x2c Output/Debug/Obj/uart_pca10056/app_util_platform.o
                0x00027e3c                app_util_critical_region_exit
 .text.privilege_level_get
                0x00027e68       0x3a Output/Debug/Obj/uart_pca10056/app_util_platform.o
                0x00027e68                privilege_level_get
 .text.assert_nrf_callback
                0x00027ea2       0x2c Output/Debug/Obj/uart_pca10056/nrf_assert.o
                0x00027ea2                assert_nrf_callback
 *fill*         0x00027ece        0x2 
 .text.uarte_evt_handler
                0x00027ed0       0x50 Output/Debug/Obj/uart_pca10056/nrf_drv_uart.o
 .text.uart_evt_handler
                0x00027f20       0x50 Output/Debug/Obj/uart_pca10056/nrf_drv_uart.o
 .text.nrf_drv_uart_init
                0x00027f70       0xdc Output/Debug/Obj/uart_pca10056/nrf_drv_uart.o
                0x00027f70                nrf_drv_uart_init
 .text.UARTE0_UART0_IRQHandler
                0x0002804c       0x24 Output/Debug/Obj/uart_pca10056/nrfx_prs.o
                0x0002804c                UARTE0_UART0_IRQHandler
 .text.prs_box_get
                0x00028070       0x20 Output/Debug/Obj/uart_pca10056/nrfx_prs.o
 .text.nrfx_prs_acquire
                0x00028090       0x74 Output/Debug/Obj/uart_pca10056/nrfx_prs.o
                0x00028090                nrfx_prs_acquire
 .text.__NVIC_EnableIRQ
                0x00028104       0x34 Output/Debug/Obj/uart_pca10056/nrfx_uart.o
 .text.__NVIC_SetPriority
                0x00028138       0x50 Output/Debug/Obj/uart_pca10056/nrfx_uart.o
 .text.nrfx_get_irq_number
                0x00028188       0x10 Output/Debug/Obj/uart_pca10056/nrfx_uart.o
 .text._NRFX_IRQ_PRIORITY_SET
                0x00028198       0x40 Output/Debug/Obj/uart_pca10056/nrfx_uart.o
 .text._NRFX_IRQ_ENABLE
                0x000281d8       0x1c Output/Debug/Obj/uart_pca10056/nrfx_uart.o
 .text.nrf_uart_event_clear
                0x000281f4       0x2a Output/Debug/Obj/uart_pca10056/nrfx_uart.o
 .text.nrf_uart_event_check
                0x0002821e       0x24 Output/Debug/Obj/uart_pca10056/nrfx_uart.o
 .text.nrf_uart_int_enable
                0x00028242       0x14 Output/Debug/Obj/uart_pca10056/nrfx_uart.o
 .text.nrf_uart_int_enable_check
                0x00028256       0x20 Output/Debug/Obj/uart_pca10056/nrfx_uart.o
 .text.nrf_uart_int_disable
                0x00028276       0x14 Output/Debug/Obj/uart_pca10056/nrfx_uart.o
 .text.nrf_uart_errorsrc_get_and_clear
                0x0002828a       0x1c Output/Debug/Obj/uart_pca10056/nrfx_uart.o
 .text.nrf_uart_enable
                0x000282a6       0x12 Output/Debug/Obj/uart_pca10056/nrfx_uart.o
 .text.nrf_uart_txrx_pins_set
                0x000282b8       0x1e Output/Debug/Obj/uart_pca10056/nrfx_uart.o
 .text.nrf_uart_hwfc_pins_set
                0x000282d6       0x1e Output/Debug/Obj/uart_pca10056/nrfx_uart.o
 .text.nrf_uart_rxd_get
                0x000282f4       0x12 Output/Debug/Obj/uart_pca10056/nrfx_uart.o
 .text.nrf_uart_txd_set
                0x00028306       0x1a Output/Debug/Obj/uart_pca10056/nrfx_uart.o
 .text.nrf_uart_task_trigger
                0x00028320       0x1c Output/Debug/Obj/uart_pca10056/nrfx_uart.o
 .text.nrf_uart_configure
                0x0002833c       0x2a Output/Debug/Obj/uart_pca10056/nrfx_uart.o
 .text.nrf_uart_baudrate_set
                0x00028366       0x14 Output/Debug/Obj/uart_pca10056/nrfx_uart.o
 *fill*         0x0002837a        0x2 
 .text.nrf_gpio_pin_port_decode
                0x0002837c       0x4c Output/Debug/Obj/uart_pca10056/nrfx_uart.o
 .text.nrf_gpio_cfg
                0x000283c8       0x62 Output/Debug/Obj/uart_pca10056/nrfx_uart.o
 .text.nrf_gpio_cfg_output
                0x0002842a       0x22 Output/Debug/Obj/uart_pca10056/nrfx_uart.o
 .text.nrf_gpio_cfg_input
                0x0002844c       0x2a Output/Debug/Obj/uart_pca10056/nrfx_uart.o
 .text.nrf_gpio_pin_set
                0x00028476       0x28 Output/Debug/Obj/uart_pca10056/nrfx_uart.o
 .text.nrf_gpio_port_out_set
                0x0002849e       0x14 Output/Debug/Obj/uart_pca10056/nrfx_uart.o
 .text.nrf_gpio_pin_present_check
                0x000284b2       0x48 Output/Debug/Obj/uart_pca10056/nrfx_uart.o
 .text.apply_config
                0x000284fa       0xc6 Output/Debug/Obj/uart_pca10056/nrfx_uart.o
 .text.interrupts_enable
                0x000285c0       0x6c Output/Debug/Obj/uart_pca10056/nrfx_uart.o
 .text.nrfx_uart_init
                0x0002862c       0xd4 Output/Debug/Obj/uart_pca10056/nrfx_uart.o
                0x0002862c                nrfx_uart_init
 .text.tx_byte  0x00028700       0x40 Output/Debug/Obj/uart_pca10056/nrfx_uart.o
 .text.tx_blocking
                0x00028740       0x52 Output/Debug/Obj/uart_pca10056/nrfx_uart.o
 *fill*         0x00028792        0x2 
 .text.nrfx_uart_tx
                0x00028794      0x110 Output/Debug/Obj/uart_pca10056/nrfx_uart.o
                0x00028794                nrfx_uart_tx
 .text.nrfx_uart_tx_in_progress
                0x000288a4       0x2c Output/Debug/Obj/uart_pca10056/nrfx_uart.o
                0x000288a4                nrfx_uart_tx_in_progress
 .text.rx_enable
                0x000288d0       0x36 Output/Debug/Obj/uart_pca10056/nrfx_uart.o
 .text.rx_byte  0x00028906       0x4e Output/Debug/Obj/uart_pca10056/nrfx_uart.o
 .text.nrfx_uart_rx
                0x00028954      0x21c Output/Debug/Obj/uart_pca10056/nrfx_uart.o
                0x00028954                nrfx_uart_rx
 .text.rx_done_event
                0x00028b70       0x2e Output/Debug/Obj/uart_pca10056/nrfx_uart.o
 .text.tx_done_event
                0x00028b9e       0x34 Output/Debug/Obj/uart_pca10056/nrfx_uart.o
 .text.uart_irq_handler
                0x00028bd2      0x1de Output/Debug/Obj/uart_pca10056/nrfx_uart.o
 .text.nrfx_uart_0_irq_handler
                0x00028db0       0x18 Output/Debug/Obj/uart_pca10056/nrfx_uart.o
                0x00028db0                nrfx_uart_0_irq_handler
 .text.__NVIC_EnableIRQ
                0x00028dc8       0x34 Output/Debug/Obj/uart_pca10056/nrfx_uarte.o
 .text.__NVIC_SetPriority
                0x00028dfc       0x50 Output/Debug/Obj/uart_pca10056/nrfx_uarte.o
 .text.nrfx_is_in_ram
                0x00028e4c       0x1c Output/Debug/Obj/uart_pca10056/nrfx_uarte.o
 .text.nrfx_get_irq_number
                0x00028e68       0x10 Output/Debug/Obj/uart_pca10056/nrfx_uarte.o
 .text._NRFX_IRQ_PRIORITY_SET
                0x00028e78       0x40 Output/Debug/Obj/uart_pca10056/nrfx_uarte.o
 .text._NRFX_IRQ_ENABLE
                0x00028eb8       0x1c Output/Debug/Obj/uart_pca10056/nrfx_uarte.o
 .text.nrf_uarte_event_clear
                0x00028ed4       0x2a Output/Debug/Obj/uart_pca10056/nrfx_uarte.o
 .text.nrf_uarte_event_check
                0x00028efe       0x24 Output/Debug/Obj/uart_pca10056/nrfx_uarte.o
 .text.nrf_uarte_shorts_enable
                0x00028f22       0x1c Output/Debug/Obj/uart_pca10056/nrfx_uarte.o
 .text.nrf_uarte_shorts_disable
                0x00028f3e       0x1e Output/Debug/Obj/uart_pca10056/nrfx_uarte.o
 .text.nrf_uarte_int_enable
                0x00028f5c       0x14 Output/Debug/Obj/uart_pca10056/nrfx_uarte.o
 .text.nrf_uarte_int_disable
                0x00028f70       0x14 Output/Debug/Obj/uart_pca10056/nrfx_uarte.o
 .text.nrf_uarte_errorsrc_get_and_clear
                0x00028f84       0x1c Output/Debug/Obj/uart_pca10056/nrfx_uarte.o
 .text.nrf_uarte_enable
                0x00028fa0       0x12 Output/Debug/Obj/uart_pca10056/nrfx_uarte.o
 .text.nrf_uarte_txrx_pins_set
                0x00028fb2       0x1e Output/Debug/Obj/uart_pca10056/nrfx_uarte.o
 .text.nrf_uarte_hwfc_pins_set
                0x00028fd0       0x1e Output/Debug/Obj/uart_pca10056/nrfx_uarte.o
 .text.nrf_uarte_task_trigger
                0x00028fee       0x1c Output/Debug/Obj/uart_pca10056/nrfx_uarte.o
 .text.nrf_uarte_configure
                0x0002900a       0x2a Output/Debug/Obj/uart_pca10056/nrfx_uarte.o
 .text.nrf_uarte_baudrate_set
                0x00029034       0x14 Output/Debug/Obj/uart_pca10056/nrfx_uarte.o
 .text.nrf_uarte_tx_buffer_set
                0x00029048       0x1e Output/Debug/Obj/uart_pca10056/nrfx_uarte.o
 .text.nrf_uarte_tx_amount_get
                0x00029066       0x10 Output/Debug/Obj/uart_pca10056/nrfx_uarte.o
 .text.nrf_uarte_rx_buffer_set
                0x00029076       0x1e Output/Debug/Obj/uart_pca10056/nrfx_uarte.o
 .text.nrf_uarte_rx_amount_get
                0x00029094       0x10 Output/Debug/Obj/uart_pca10056/nrfx_uarte.o
 .text.nrf_gpio_pin_port_decode
                0x000290a4       0x4c Output/Debug/Obj/uart_pca10056/nrfx_uarte.o
 .text.nrf_gpio_cfg
                0x000290f0       0x62 Output/Debug/Obj/uart_pca10056/nrfx_uarte.o
 .text.nrf_gpio_cfg_output
                0x00029152       0x22 Output/Debug/Obj/uart_pca10056/nrfx_uarte.o
 .text.nrf_gpio_cfg_input
                0x00029174       0x2a Output/Debug/Obj/uart_pca10056/nrfx_uarte.o
 .text.nrf_gpio_pin_set
                0x0002919e       0x28 Output/Debug/Obj/uart_pca10056/nrfx_uarte.o
 .text.nrf_gpio_port_out_set
                0x000291c6       0x14 Output/Debug/Obj/uart_pca10056/nrfx_uarte.o
 .text.nrf_gpio_pin_present_check
                0x000291da       0x48 Output/Debug/Obj/uart_pca10056/nrfx_uarte.o
 .text.apply_config
                0x00029222       0xc6 Output/Debug/Obj/uart_pca10056/nrfx_uarte.o
 .text.interrupts_enable
                0x000292e8       0x98 Output/Debug/Obj/uart_pca10056/nrfx_uarte.o
 .text.nrfx_uarte_init
                0x00029380       0xcc Output/Debug/Obj/uart_pca10056/nrfx_uarte.o
                0x00029380                nrfx_uarte_init
 .text.nrfx_uarte_tx
                0x0002944c      0x180 Output/Debug/Obj/uart_pca10056/nrfx_uarte.o
                0x0002944c                nrfx_uarte_tx
 .text.nrfx_uarte_tx_in_progress
                0x000295cc       0x30 Output/Debug/Obj/uart_pca10056/nrfx_uarte.o
                0x000295cc                nrfx_uarte_tx_in_progress
 .text.nrfx_uarte_rx
                0x000295fc      0x23c Output/Debug/Obj/uart_pca10056/nrfx_uarte.o
                0x000295fc                nrfx_uarte_rx
 .text.rx_done_event
                0x00029838       0x2e Output/Debug/Obj/uart_pca10056/nrfx_uarte.o
 .text.tx_done_event
                0x00029866       0x34 Output/Debug/Obj/uart_pca10056/nrfx_uarte.o
 .text.uarte_irq_handler
                0x0002989a      0x18c Output/Debug/Obj/uart_pca10056/nrfx_uarte.o
 *fill*         0x00029a26        0x2 
 .text.nrfx_uarte_0_irq_handler
                0x00029a28       0x18 Output/Debug/Obj/uart_pca10056/nrfx_uarte.o
                0x00029a28                nrfx_uarte_0_irq_handler
 .text.uart_error_handle
                0x00029a40       0x40 Output/Debug/Obj/uart_pca10056/main.o
                0x00029a40                uart_error_handle
 .text.main     0x00029a80       0xb0 Output/Debug/Obj/uart_pca10056/main.o
                0x00029a80                main
 .text.__NVIC_SystemReset
                0x00029b30       0x28 Output/Debug/Obj/uart_pca10056/system_nrf52840.o
 .text.nrf52_errata_36
                0x00029b58       0x64 Output/Debug/Obj/uart_pca10056/system_nrf52840.o
 .text.nrf52_errata_66
                0x00029bbc       0x64 Output/Debug/Obj/uart_pca10056/system_nrf52840.o
 .text.nrf52_errata_98
                0x00029c20       0x64 Output/Debug/Obj/uart_pca10056/system_nrf52840.o
 .text.nrf52_errata_103
                0x00029c84       0x64 Output/Debug/Obj/uart_pca10056/system_nrf52840.o
 .text.nrf52_errata_115
                0x00029ce8       0x64 Output/Debug/Obj/uart_pca10056/system_nrf52840.o
 .text.nrf52_errata_120
                0x00029d4c       0x64 Output/Debug/Obj/uart_pca10056/system_nrf52840.o
 .text.nrf52_errata_136
                0x00029db0       0x64 Output/Debug/Obj/uart_pca10056/system_nrf52840.o
 .text.nrf52_errata_249
                0x00029e14       0x64 Output/Debug/Obj/uart_pca10056/system_nrf52840.o
 .text.nrf52_handle_approtect
                0x00029e78       0x20 Output/Debug/Obj/uart_pca10056/system_nrf52840.o
 .text.nvmc_wait
                0x00029e98       0x18 Output/Debug/Obj/uart_pca10056/system_nrf52840.o
                0x00029e98                nvmc_wait
 .text.nvmc_config
                0x00029eb0       0x20 Output/Debug/Obj/uart_pca10056/system_nrf52840.o
                0x00029eb0                nvmc_config
 .text.SystemCoreClockUpdate
                0x00029ed0       0x14 Output/Debug/Obj/uart_pca10056/system_nrf52840.o
                0x00029ed0                SystemCoreClockUpdate
 .text.SystemInit
                0x00029ee4      0x228 Output/Debug/Obj/uart_pca10056/system_nrf52840.o
                0x00029ee4                SystemInit
 .text.libc.putchar
                0x0002a10c        0xe C:/Program Files/SEGGER/SEGGER Embedded Studio 8.24/lib/libc_v7em_fpv4_sp_d16_hard_t_le_eabi_balanced.a(fileops.o)
                0x0002a10c                putchar
 .text.libc.fputc
                0x0002a11a       0x22 C:/Program Files/SEGGER/SEGGER Embedded Studio 8.24/lib/libc_v7em_fpv4_sp_d16_hard_t_le_eabi_balanced.a(fileops.o)
                0x0002a11a                fputc
 .text.libc.puts
                0x0002a13c       0x30 C:/Program Files/SEGGER/SEGGER Embedded Studio 8.24/lib/libc_v7em_fpv4_sp_d16_hard_t_le_eabi_balanced.a(fileops.o)
                0x0002a13c                puts
 .text.libc.fwrite
                0x0002a16c       0x2e C:/Program Files/SEGGER/SEGGER Embedded Studio 8.24/lib/libc_v7em_fpv4_sp_d16_hard_t_le_eabi_balanced.a(fileops.o)
                0x0002a16c                fwrite
 .text.libc.__SEGGER_RTL_X_file_stat
                0x0002a19a       0x38 C:/Program Files/SEGGER/SEGGER Embedded Studio 8.24/lib/prinops_rtt_v7em_fpv4_sp_d16_hard_t_le_eabi_balanced.a(prinops_rtt.o)
                0x0002a19a                __SEGGER_RTL_X_file_stat
 .text.libc.__SEGGER_RTL_X_file_write
                0x0002a1d2        0x6 C:/Program Files/SEGGER/SEGGER Embedded Studio 8.24/lib/prinops_rtt_v7em_fpv4_sp_d16_hard_t_le_eabi_balanced.a(prinops_rtt.o)
                0x0002a1d2                __SEGGER_RTL_X_file_write
 .text.libc._DoInit
                0x0002a1d8       0x64 C:/Program Files/SEGGER/SEGGER Embedded Studio 8.24/lib/prinops_rtt_v7em_fpv4_sp_d16_hard_t_le_eabi_balanced.a(SEGGER_RTT.o)
 .text.libc._GetAvailWriteSpace
                0x0002a23c       0x16 C:/Program Files/SEGGER/SEGGER Embedded Studio 8.24/lib/prinops_rtt_v7em_fpv4_sp_d16_hard_t_le_eabi_balanced.a(SEGGER_RTT.o)
 .text.libc._WriteNoCheck
                0x0002a252       0x44 C:/Program Files/SEGGER/SEGGER Embedded Studio 8.24/lib/prinops_rtt_v7em_fpv4_sp_d16_hard_t_le_eabi_balanced.a(SEGGER_RTT.o)
 .text.libc._WriteBlocking
                0x0002a296       0x56 C:/Program Files/SEGGER/SEGGER Embedded Studio 8.24/lib/prinops_rtt_v7em_fpv4_sp_d16_hard_t_le_eabi_balanced.a(SEGGER_RTT.o)
 .text.libc.SEGGER_RTT_WriteNoLock
                0x0002a2ec       0x5a C:/Program Files/SEGGER/SEGGER Embedded Studio 8.24/lib/prinops_rtt_v7em_fpv4_sp_d16_hard_t_le_eabi_balanced.a(SEGGER_RTT.o)
                0x0002a2ec                SEGGER_RTT_WriteNoLock
 .text.libc.SEGGER_RTT_Write
                0x0002a346       0x36 C:/Program Files/SEGGER/SEGGER Embedded Studio 8.24/lib/prinops_rtt_v7em_fpv4_sp_d16_hard_t_le_eabi_balanced.a(SEGGER_RTT.o)
                0x0002a346                SEGGER_RTT_Write
 .text.libc.__SEGGER_RTL_init_heap
                0x0002a37c       0x16 C:/Program Files/SEGGER/SEGGER Embedded Studio 8.24/lib/heapops_basic_v7em_fpv4_sp_d16_hard_t_le_eabi_balanced.a(heapops_basic.o)
                0x0002a37c                __SEGGER_RTL_init_heap
 .text.libc.strlen
                0x0002a392       0x2a C:/Program Files/SEGGER/SEGGER Embedded Studio 8.24/lib/strops_unaligned_v7em_fpv4_sp_d16_hard_t_le_eabi_balanced.a(strops.o)
                0x0002a392                strlen
 .text.libc.memcpy
                0x0002a3bc       0x5c C:/Program Files/SEGGER/SEGGER Embedded Studio 8.24/lib/strops_unaligned_v7em_fpv4_sp_d16_hard_t_le_eabi_balanced.a(strasmops_arm.o)
                0x0002a3bc                __aeabi_memcpy
                0x0002a3bc                memcpy
                0x0002a3da                __aeabi_memcpy8
                0x0002a3da                __aeabi_memcpy4
                0x0002a418                        __text_end__ = (__text_start__ + SIZEOF (.text))
                0x00003038                        __text_size__ = SIZEOF (.text)
                0x0002a418                        __text_load_end__ = __text_end__

.vfp11_veneer   0x00000000        0x0
 .vfp11_veneer  0x00000000        0x0 linker stubs

.v4_bx          0x00000000        0x0
 .v4_bx         0x00000000        0x0 linker stubs

.iplt           0x00000000        0x0
 .iplt          0x00000000        0x0 Output/Debug/Obj/uart_pca10056/thumb_crt0.o
                0x00000001                        . = ASSERT (((__text_start__ == __text_end__) || ((__text_end__ - __FLASH1_segment_start__) <= __FLASH1_segment_size__)), error: .text is too large to fit in FLASH1 memory segment)
                0x0002a418                        __log_const_data_load_start__ = ALIGN (__text_end__, 0x4)

.log_const_data
                0x0002a418        0x0
                0x0002a418                        __log_const_data_start__ = .
                0x0002a418                        __start_log_const_data = __log_const_data_start__
 *(SORT_BY_NAME(.log_const_data*))
                0x0002a418                        __log_const_data_end__ = (__log_const_data_start__ + SIZEOF (.log_const_data))
                0x00000000                        __log_const_data_size__ = SIZEOF (.log_const_data)
                0x0002a418                        __stop_log_const_data = __log_const_data_end__
                0x0002a418                        __log_const_data_load_end__ = __log_const_data_end__
                0x00000001                        . = ASSERT (((__log_const_data_start__ == __log_const_data_end__) || ((__log_const_data_end__ - __FLASH1_segment_start__) <= __FLASH1_segment_size__)), error: .log_const_data is too large to fit in FLASH1 memory segment)
                0x0002a418                        __log_backends_load_start__ = ALIGN (__log_const_data_end__, 0x4)

.log_backends   0x0002a418        0x0
                0x0002a418                        __log_backends_start__ = .
                0x0002a418                        __start_log_backends = __log_backends_start__
 *(SORT_BY_NAME(.log_backends*))
                0x0002a418                        __log_backends_end__ = (__log_backends_start__ + SIZEOF (.log_backends))
                0x00000000                        __log_backends_size__ = SIZEOF (.log_backends)
                0x0002a418                        __stop_log_backends = __log_backends_end__
                0x0002a418                        __log_backends_load_end__ = __log_backends_end__
                0x00000001                        . = ASSERT (((__log_backends_start__ == __log_backends_end__) || ((__log_backends_end__ - __FLASH1_segment_start__) <= __FLASH1_segment_size__)), error: .log_backends is too large to fit in FLASH1 memory segment)
                0x0002a418                        __nrf_balloc_load_start__ = ALIGN (__log_backends_end__, 0x4)

.nrf_balloc     0x0002a418        0x0
                0x0002a418                        __nrf_balloc_start__ = .
                0x0002a418                        __start_nrf_balloc = __nrf_balloc_start__
 *(.nrf_balloc*)
                0x0002a418                        __nrf_balloc_end__ = (__nrf_balloc_start__ + SIZEOF (.nrf_balloc))
                0x00000000                        __nrf_balloc_size__ = SIZEOF (.nrf_balloc)
                0x0002a418                        __stop_nrf_balloc = __nrf_balloc_end__
                0x0002a418                        __nrf_balloc_load_end__ = __nrf_balloc_end__
                0x00000001                        . = ASSERT (((__nrf_balloc_start__ == __nrf_balloc_end__) || ((__nrf_balloc_end__ - __FLASH1_segment_start__) <= __FLASH1_segment_size__)), error: .nrf_balloc is too large to fit in FLASH1 memory segment)
                0x0002a418                        __nrf_sections_load_start__ = ALIGN (__nrf_balloc_end__, 0x4)

.nrf_sections   0x0002a418        0x0
                0x0002a418                        __nrf_sections_start__ = .
                0x0002a418                        __start_nrf_sections = __nrf_sections_start__
 *(.nrf_sections .nrf_sections.*)
                0x0002a418                        __nrf_sections_end__ = (__nrf_sections_start__ + SIZEOF (.nrf_sections))
                0x00000000                        __nrf_sections_size__ = SIZEOF (.nrf_sections)
                0x0002a418                        __nrf_sections_load_end__ = __nrf_sections_end__
                0x00000001                        . = ASSERT (((__nrf_sections_start__ == __nrf_sections_end__) || ((__nrf_sections_end__ - __FLASH1_segment_start__) <= __FLASH1_segment_size__)), error: .nrf_sections is too large to fit in FLASH1 memory segment)
                0x0002a418                        __log_dynamic_data_load_start__ = ALIGN (__nrf_sections_end__, 0x4)

.log_dynamic_data
                0x20002260        0x0 load address 0x0002a418
                0x20002260                        __log_dynamic_data_start__ = .
 *(SORT_BY_NAME(.log_dynamic_data*))
                0x20002260                        __log_dynamic_data_end__ = (__log_dynamic_data_start__ + SIZEOF (.log_dynamic_data))
                0x00000000                        __log_dynamic_data_size__ = SIZEOF (.log_dynamic_data)
                0x0002a418                        __log_dynamic_data_load_end__ = (__log_dynamic_data_load_start__ + SIZEOF (.log_dynamic_data))
                0x00000001                        . = ASSERT (((__log_dynamic_data_load_start__ == __log_dynamic_data_load_end__) || ((__log_dynamic_data_load_end__ - __FLASH1_segment_start__) <= __FLASH1_segment_size__)), error: .log_dynamic_data is too large to fit in FLASH1 memory segment)

.log_dynamic_data_run
                0x20002260        0x0
                0x20002260                        __log_dynamic_data_run_start__ = .
                0x20002260                        __start_log_dynamic_data = __log_dynamic_data_run_start__
                0x20002260                        __log_dynamic_data_run_end__ = (__log_dynamic_data_run_start__ + SIZEOF (.log_dynamic_data))
                0x00000000                        __log_dynamic_data_run_size__ = (__log_dynamic_data_run_end__ - __log_dynamic_data_run_start__)
                0x20002260                        __stop_log_dynamic_data = __log_dynamic_data_run_end__
                0x20002260                        __log_dynamic_data_run_load_end__ = __log_dynamic_data_run_end__
                0x00000001                        . = ASSERT (((__log_dynamic_data_run_start__ == __log_dynamic_data_run_end__) || ((__log_dynamic_data_run_end__ - __RAM1_segment_start__) <= __RAM1_segment_size__)), error: .log_dynamic_data_run is too large to fit in RAM1 memory segment)
                0x0002a418                        __log_filter_data_load_start__ = ALIGN ((__log_dynamic_data_load_start__ + SIZEOF (.log_dynamic_data)), 0x4)

.log_filter_data
                0x20002260        0x0 load address 0x0002a418
                0x20002260                        __log_filter_data_start__ = .
 *(SORT_BY_NAME(.log_filter_data*))
                0x20002260                        __log_filter_data_end__ = (__log_filter_data_start__ + SIZEOF (.log_filter_data))
                0x00000000                        __log_filter_data_size__ = SIZEOF (.log_filter_data)
                0x0002a418                        __log_filter_data_load_end__ = (__log_filter_data_load_start__ + SIZEOF (.log_filter_data))
                0x00000001                        . = ASSERT (((__log_filter_data_load_start__ == __log_filter_data_load_end__) || ((__log_filter_data_load_end__ - __FLASH1_segment_start__) <= __FLASH1_segment_size__)), error: .log_filter_data is too large to fit in FLASH1 memory segment)

.log_filter_data_run
                0x20002260        0x0
                0x20002260                        __log_filter_data_run_start__ = .
                0x20002260                        __start_log_filter_data = __log_filter_data_run_start__
                0x20002260                        __log_filter_data_run_end__ = (__log_filter_data_run_start__ + SIZEOF (.log_filter_data))
                0x00000000                        __log_filter_data_run_size__ = (__log_filter_data_run_end__ - __log_filter_data_run_start__)
                0x20002260                        __stop_log_filter_data = __log_filter_data_run_end__
                0x20002260                        __log_filter_data_run_load_end__ = __log_filter_data_run_end__
                0x00000001                        . = ASSERT (((__log_filter_data_run_start__ == __log_filter_data_run_end__) || ((__log_filter_data_run_end__ - __RAM1_segment_start__) <= __RAM1_segment_size__)), error: .log_filter_data_run is too large to fit in RAM1 memory segment)
                0x20002260                        __nrf_sections_run_end_load_start__ = ALIGN (__log_filter_data_run_end__, 0x4)

.nrf_sections_run_end
                0x20002260        0x0
                0x20002260                        __nrf_sections_run_end_start__ = .
                0x20002260                        __end_nrf_sections_run = __nrf_sections_run_end_start__
 *(.nrf_sections_run_end .nrf_sections_run_end.*)
                0x20002260                        __nrf_sections_run_end_end__ = (__nrf_sections_run_end_start__ + SIZEOF (.nrf_sections_run_end))
                0x00000000                        __nrf_sections_run_end_size__ = SIZEOF (.nrf_sections_run_end)
                0x20002260                        __nrf_sections_run_end_load_end__ = __nrf_sections_run_end_end__
                0x00000001                        . = ASSERT (((__nrf_sections_run_end_start__ == __nrf_sections_run_end_end__) || ((__nrf_sections_run_end_end__ - __RAM1_segment_start__) <= __RAM1_segment_size__)), error: .nrf_sections_run_end is too large to fit in RAM1 memory segment)
                0x0002a418                        __dtors_load_start__ = ALIGN ((__log_filter_data_load_start__ + SIZEOF (.log_filter_data)), 0x4)

.dtors          0x0002a418        0x0
                0x0002a418                        __dtors_start__ = .
 *(SORT_BY_NAME(.dtors.*))
 *(.dtors)
 *(.fini_array)
 *(SORT_BY_NAME(.fini_array.*))
                0x0002a418                        __dtors_end__ = (__dtors_start__ + SIZEOF (.dtors))
                0x00000000                        __dtors_size__ = SIZEOF (.dtors)
                0x0002a418                        __dtors_load_end__ = __dtors_end__
                0x00000001                        . = ASSERT (((__dtors_start__ == __dtors_end__) || ((__dtors_end__ - __FLASH1_segment_start__) <= __FLASH1_segment_size__)), error: .dtors is too large to fit in FLASH1 memory segment)
                0x0002a418                        __ctors_load_start__ = ALIGN (__dtors_end__, 0x4)

.ctors          0x0002a418        0x0
                0x0002a418                        __ctors_start__ = .
 *(SORT_BY_NAME(.ctors.*))
 *(.ctors)
 *(.init_array)
 *(SORT_BY_NAME(.init_array.*))
                0x0002a418                        __ctors_end__ = (__ctors_start__ + SIZEOF (.ctors))
                0x00000000                        __ctors_size__ = SIZEOF (.ctors)
                0x0002a418                        __ctors_load_end__ = __ctors_end__
                0x00000001                        . = ASSERT (((__ctors_start__ == __ctors_end__) || ((__ctors_end__ - __FLASH1_segment_start__) <= __FLASH1_segment_size__)), error: .ctors is too large to fit in FLASH1 memory segment)
                0x0002a418                        __rodata_load_start__ = ALIGN (__ctors_end__, 0x4)

.rodata         0x0002a418      0x3ea
                0x0002a418                        __rodata_start__ = .
 *(.rodata .rodata.* .gnu.linkonce.r.* .data.rel.ro .data.rel.ro.*)
 .rodata        0x0002a418       0x73 Output/Debug/Obj/uart_pca10056/boards.o
 *fill*         0x0002a48b        0x1 
 .rodata.m_board_led_list
                0x0002a48c        0x4 Output/Debug/Obj/uart_pca10056/boards.o
 .rodata        0x0002a490       0x72 Output/Debug/Obj/uart_pca10056/app_uart_fifo.o
 *fill*         0x0002a502        0x2 
 .rodata        0x0002a504       0x56 Output/Debug/Obj/uart_pca10056/app_util_platform.o
 *fill*         0x0002a55a        0x2 
 .rodata        0x0002a55c       0x4f Output/Debug/Obj/uart_pca10056/nrf_drv_uart.o
 *fill*         0x0002a5ab        0x1 
 .rodata        0x0002a5ac       0x50 Output/Debug/Obj/uart_pca10056/nrfx_prs.o
 .rodata        0x0002a5fc       0xad Output/Debug/Obj/uart_pca10056/nrfx_uart.o
 *fill*         0x0002a6a9        0x3 
 .rodata.irq_handlers.0
                0x0002a6ac        0x4 Output/Debug/Obj/uart_pca10056/nrfx_uart.o
 .rodata        0x0002a6b0       0xae Output/Debug/Obj/uart_pca10056/nrfx_uarte.o
 *fill*         0x0002a75e        0x2 
 .rodata.irq_handlers.0
                0x0002a760        0x4 Output/Debug/Obj/uart_pca10056/nrfx_uarte.o
 .rodata        0x0002a764       0x84 Output/Debug/Obj/uart_pca10056/main.o
 .rodata.libc._DoInit._aInitStr
                0x0002a7e8       0x11 C:/Program Files/SEGGER/SEGGER Embedded Studio 8.24/lib/prinops_rtt_v7em_fpv4_sp_d16_hard_t_le_eabi_balanced.a(SEGGER_RTT.o)
 .rodata.libc..L.str
                0x0002a7f9        0x9 C:/Program Files/SEGGER/SEGGER Embedded Studio 8.24/lib/prinops_rtt_v7em_fpv4_sp_d16_hard_t_le_eabi_balanced.a(SEGGER_RTT.o)
                0x0002a802                        __rodata_end__ = (__rodata_start__ + SIZEOF (.rodata))
                0x000003ea                        __rodata_size__ = SIZEOF (.rodata)
                0x0002a802                        __rodata_load_end__ = __rodata_end__

.rel.dyn        0x0002a804        0x0
 .rel.iplt      0x0002a804        0x0 Output/Debug/Obj/uart_pca10056/thumb_crt0.o
                0x00000001                        . = ASSERT (((__rodata_start__ == __rodata_end__) || ((__rodata_end__ - __FLASH1_segment_start__) <= __FLASH1_segment_size__)), error: .rodata is too large to fit in FLASH1 memory segment)
                0x0002a804                        __ARM.exidx_load_start__ = ALIGN (__rodata_end__, 0x4)

.ARM.exidx      0x0002a804        0x0
                0x0002a804                        __ARM.exidx_start__ = .
                0x0002a804                        __exidx_start = __ARM.exidx_start__
 *(.ARM.exidx .ARM.exidx.*)
                0x0002a804                        __ARM.exidx_end__ = (__ARM.exidx_start__ + SIZEOF (.ARM.exidx))
                0x00000000                        __ARM.exidx_size__ = SIZEOF (.ARM.exidx)
                0x0002a804                        __exidx_end = __ARM.exidx_end__
                0x0002a804                        __ARM.exidx_load_end__ = __ARM.exidx_end__
                0x00000001                        . = ASSERT (((__ARM.exidx_start__ == __ARM.exidx_end__) || ((__ARM.exidx_end__ - __FLASH1_segment_start__) <= __FLASH1_segment_size__)), error: .ARM.exidx is too large to fit in FLASH1 memory segment)
                0x0002a804                        __fast_load_start__ = ALIGN (__ARM.exidx_end__, 0x4)

.fast           0x20002260        0x0 load address 0x0002a804
                0x20002260                        __fast_start__ = .
 *(.fast .fast.*)
                0x20002260                        __fast_end__ = (__fast_start__ + SIZEOF (.fast))
                0x00000000                        __fast_size__ = SIZEOF (.fast)
                0x0002a804                        __fast_load_end__ = (__fast_load_start__ + SIZEOF (.fast))
                0x00000001                        . = ASSERT (((__fast_load_start__ == __fast_load_end__) || ((__fast_load_end__ - __FLASH1_segment_start__) <= __FLASH1_segment_size__)), error: .fast is too large to fit in FLASH1 memory segment)

.fast_run       0x20002260        0x0
                0x20002260                        __fast_run_start__ = .
                0x20002260                        __fast_run_end__ = (__fast_run_start__ + SIZEOF (.fast))
                0x00000000                        __fast_run_size__ = (__fast_run_end__ - __fast_run_start__)
                0x20002260                        __fast_run_load_end__ = __fast_run_end__
                0x00000001                        . = ASSERT (((__fast_run_start__ == __fast_run_end__) || ((__fast_run_end__ - __RAM1_segment_start__) <= __RAM1_segment_size__)), error: .fast_run is too large to fit in RAM1 memory segment)
                0x0002a804                        __data_load_start__ = ALIGN ((__fast_load_start__ + SIZEOF (.fast)), 0x4)

.data           0x20002260       0x24 load address 0x0002a804
                0x20002260                        __data_start__ = .
 *(.data .data.* .gnu.linkonce.d.*)
 .data.app_uart_inst
                0x20002260       0x14 Output/Debug/Obj/uart_pca10056/app_uart_fifo.o
 .data.SystemCoreClock
                0x20002274        0x4 Output/Debug/Obj/uart_pca10056/system_nrf52840.o
                0x20002274                SystemCoreClock
 .data.libc.stdin
                0x20002278        0x4 C:/Program Files/SEGGER/SEGGER Embedded Studio 8.24/lib/prinops_rtt_v7em_fpv4_sp_d16_hard_t_le_eabi_balanced.a(prinops_rtt.o)
                0x20002278                stdin
 .data.libc.stdout
                0x2000227c        0x4 C:/Program Files/SEGGER/SEGGER Embedded Studio 8.24/lib/prinops_rtt_v7em_fpv4_sp_d16_hard_t_le_eabi_balanced.a(prinops_rtt.o)
                0x2000227c                stdout
 .data.libc.stderr
                0x20002280        0x4 C:/Program Files/SEGGER/SEGGER Embedded Studio 8.24/lib/prinops_rtt_v7em_fpv4_sp_d16_hard_t_le_eabi_balanced.a(prinops_rtt.o)
                0x20002280                stderr
                0x20002284                        __data_end__ = (__data_start__ + SIZEOF (.data))
                0x00000024                        __data_size__ = SIZEOF (.data)
                0x0002a828                        __data_load_end__ = (__data_load_start__ + SIZEOF (.data))

.igot.plt       0x00000000        0x0
 .igot.plt      0x00000000        0x0 Output/Debug/Obj/uart_pca10056/thumb_crt0.o
                0x00000001                        . = ASSERT (((__data_load_start__ == __data_load_end__) || ((__data_load_end__ - __FLASH1_segment_start__) <= __FLASH1_segment_size__)), error: .data is too large to fit in FLASH1 memory segment)

.data_run       0x20002260        0x0
                0x20002260                        __data_run_start__ = .
                0x20002284                        __data_run_end__ = (__data_run_start__ + SIZEOF (.data))
                0x00000024                        __data_run_size__ = (__data_run_end__ - __data_run_start__)
                0x20002284                        __data_run_load_end__ = __data_run_end__
                0x00000001                        . = ASSERT (((__data_run_start__ == __data_run_end__) || ((__data_run_end__ - __RAM1_segment_start__) <= __RAM1_segment_size__)), error: .data_run is too large to fit in RAM1 memory segment)
                0x0002a828                        __tdata_load_start__ = ALIGN ((__data_load_start__ + SIZEOF (.data)), 0x4)

.tdata          0x20002284        0x0 load address 0x0002a828
                0x20002284                        __tdata_start__ = .
 *(.tdata .tdata.*)
                0x20002284                        __tdata_end__ = (__tdata_start__ + SIZEOF (.tdata))
                0x00000000                        __tdata_size__ = SIZEOF (.tdata)
                0x0002a828                        __tdata_load_end__ = (__tdata_load_start__ + SIZEOF (.tdata))
                0x0002a828                        __FLASH1_segment_used_end__ = (ALIGN ((__data_load_start__ + SIZEOF (.data)), 0x4) + SIZEOF (.tdata))
                0x0002a828                        __FLASH1_segment_used_size__ = (__FLASH1_segment_used_end__ - __FLASH1_segment_start__)
                0x00000001                        . = ASSERT (((__tdata_load_start__ == __tdata_load_end__) || ((__tdata_load_end__ - __FLASH1_segment_start__) <= __FLASH1_segment_size__)), error: .tdata is too large to fit in FLASH1 memory segment)

.tdata_run      0x20002284        0x0
                0x20002284                        __tdata_run_start__ = .
                0x20002284                        __tdata_run_end__ = (__tdata_run_start__ + SIZEOF (.tdata))
                0x00000000                        __tdata_run_size__ = (__tdata_run_end__ - __tdata_run_start__)
                0x20002284                        __tdata_run_load_end__ = __tdata_run_end__
                0x00000001                        . = ASSERT (((__tdata_run_start__ == __tdata_run_end__) || ((__tdata_run_end__ - __RAM1_segment_start__) <= __RAM1_segment_size__)), error: .tdata_run is too large to fit in RAM1 memory segment)
                0x20002284                        __bss_load_start__ = ALIGN (__tdata_run_end__, 0x4)

.bss            0x20002284      0x784
                0x20002284                        __bss_start__ = .
 *(.bss .bss.* .gnu.linkonce.b.*)
 .bss.m_error_data.0
                0x20002284       0x20 Output/Debug/Obj/uart_pca10056/app_error.o
 .bss.m_event_handler
                0x200022a4        0x4 Output/Debug/Obj/uart_pca10056/app_uart_fifo.o
 .bss.tx_buffer
                0x200022a8        0x1 Output/Debug/Obj/uart_pca10056/app_uart_fifo.o
 *fill*         0x200022a9        0x3 
 .bss.rx_buffer
                0x200022ac        0x1 Output/Debug/Obj/uart_pca10056/app_uart_fifo.o
 .bss.m_rx_ovf  0x200022ad        0x1 Output/Debug/Obj/uart_pca10056/app_uart_fifo.o
 *fill*         0x200022ae        0x2 
 .bss.m_rx_fifo
                0x200022b0       0x10 Output/Debug/Obj/uart_pca10056/app_uart_fifo.o
 .bss.m_tx_fifo
                0x200022c0       0x10 Output/Debug/Obj/uart_pca10056/app_uart_fifo.o
 .bss.m_in_critical_region
                0x200022d0        0x4 Output/Debug/Obj/uart_pca10056/app_util_platform.o
 .bss.m_handlers
                0x200022d4        0x8 Output/Debug/Obj/uart_pca10056/nrf_drv_uart.o
 .bss.m_contexts
                0x200022dc        0x8 Output/Debug/Obj/uart_pca10056/nrf_drv_uart.o
 .bss.nrf_drv_uart_use_easy_dma
                0x200022e4        0x2 Output/Debug/Obj/uart_pca10056/nrf_drv_uart.o
                0x200022e4                nrf_drv_uart_use_easy_dma
 *fill*         0x200022e6        0x2 
 .bss.m_prs_box_4
                0x200022e8        0x8 Output/Debug/Obj/uart_pca10056/nrfx_prs.o
 .bss.m_cb      0x200022f0       0x2c Output/Debug/Obj/uart_pca10056/nrfx_uart.o
 .bss.m_cb      0x2000231c       0x24 Output/Debug/Obj/uart_pca10056/nrfx_uarte.o
 .bss.rx_buf.1  0x20002340      0x100 Output/Debug/Obj/uart_pca10056/main.o
 .bss.tx_buf.0  0x20002440      0x100 Output/Debug/Obj/uart_pca10056/main.o
 .bss.libc.__SEGGER_RTL_stdin_file
                0x20002540        0x4 C:/Program Files/SEGGER/SEGGER Embedded Studio 8.24/lib/prinops_rtt_v7em_fpv4_sp_d16_hard_t_le_eabi_balanced.a(prinops_rtt.o)
 .bss.libc.__SEGGER_RTL_stdout_file
                0x20002544        0x4 C:/Program Files/SEGGER/SEGGER Embedded Studio 8.24/lib/prinops_rtt_v7em_fpv4_sp_d16_hard_t_le_eabi_balanced.a(prinops_rtt.o)
 .bss.libc.__SEGGER_RTL_stderr_file
                0x20002548        0x4 C:/Program Files/SEGGER/SEGGER Embedded Studio 8.24/lib/prinops_rtt_v7em_fpv4_sp_d16_hard_t_le_eabi_balanced.a(prinops_rtt.o)
 .bss.libc._SEGGER_RTT
                0x2000254c       0xa8 C:/Program Files/SEGGER/SEGGER Embedded Studio 8.24/lib/prinops_rtt_v7em_fpv4_sp_d16_hard_t_le_eabi_balanced.a(SEGGER_RTT.o)
                0x2000254c                _SEGGER_RTT
 .bss.libc._acUpBuffer
                0x200025f4      0x400 C:/Program Files/SEGGER/SEGGER Embedded Studio 8.24/lib/prinops_rtt_v7em_fpv4_sp_d16_hard_t_le_eabi_balanced.a(SEGGER_RTT.o)
 .bss.libc._acDownBuffer
                0x200029f4       0x10 C:/Program Files/SEGGER/SEGGER Embedded Studio 8.24/lib/prinops_rtt_v7em_fpv4_sp_d16_hard_t_le_eabi_balanced.a(SEGGER_RTT.o)
 .bss.libc.__SEGGER_RTL_heap_globals.0
                0x20002a04        0x4 C:/Program Files/SEGGER/SEGGER Embedded Studio 8.24/lib/heapops_basic_v7em_fpv4_sp_d16_hard_t_le_eabi_balanced.a(heapops_basic.o)
 *(COMMON)
                0x20002a08                        __bss_end__ = (__bss_start__ + SIZEOF (.bss))
                0x00000784                        __bss_size__ = SIZEOF (.bss)
                0x20002a08                        __bss_load_end__ = __bss_end__
                0x00000001                        . = ASSERT (((__bss_start__ == __bss_end__) || ((__bss_end__ - __RAM1_segment_start__) <= __RAM1_segment_size__)), error: .bss is too large to fit in RAM1 memory segment)
                0x20002a08                        __tbss_load_start__ = ALIGN (__bss_end__, 0x4)

.tbss           0x20002a08        0x0
                0x20002a08                        __tbss_start__ = .
 *(.tbss .tbss.*)
                0x20002a08                        __tbss_end__ = (__tbss_start__ + SIZEOF (.tbss))
                0x00000000                        __tbss_size__ = SIZEOF (.tbss)
                0x20002a08                        __tbss_load_end__ = __tbss_end__
                0x00000001                        . = ASSERT (((__tbss_start__ == __tbss_end__) || ((__tbss_end__ - __RAM1_segment_start__) <= __RAM1_segment_size__)), error: .tbss is too large to fit in RAM1 memory segment)
                0x20002a08                        __non_init_load_start__ = ALIGN (__tbss_end__, 0x4)

.non_init       0x20002a08        0x0
                0x20002a08                        __non_init_start__ = .
 *(.non_init .non_init.*)
                0x20002a08                        __non_init_end__ = (__non_init_start__ + SIZEOF (.non_init))
                0x00000000                        __non_init_size__ = SIZEOF (.non_init)
                0x20002a08                        __non_init_load_end__ = __non_init_end__
                0x00000001                        . = ASSERT (((__non_init_start__ == __non_init_end__) || ((__non_init_end__ - __RAM1_segment_start__) <= __RAM1_segment_size__)), error: .non_init is too large to fit in RAM1 memory segment)
                0x20002a08                        __heap_load_start__ = ALIGN (__non_init_end__, 0x4)

.heap           0x20002a08     0x2000
                0x20002a08                        __heap_start__ = .
 *(.heap .heap.*)
                0x20004a08                        . = ALIGN (MAX ((__heap_start__ + __HEAPSIZE__), .), 0x4)
 *fill*         0x20002a08     0x2000 
                0x20004a08                        __heap_end__ = (__heap_start__ + SIZEOF (.heap))
                0x00002000                        __heap_size__ = SIZEOF (.heap)
                0x20004a08                        __heap_load_end__ = __heap_end__
                0x00000001                        . = ASSERT (((__heap_start__ == __heap_end__) || ((__heap_end__ - __RAM1_segment_start__) <= __RAM1_segment_size__)), error: .heap is too large to fit in RAM1 memory segment)
                0x00000001                        . = ASSERT ((__HEAPSIZE__ == ALIGN (__HEAPSIZE__, 0x4)), error: .heap section size does not match alignment)
                0x00000001                        . = ASSERT ((__heap_size__ <= __HEAPSIZE__), error: .heap section is larger than specified size)
                0x2003e000                        __stack_load_start__ = (__RAM1_segment_start__ + (__RAM1_segment_size__ - 0x2000))

.stack          0x2003e000     0x2000
                0x2003e000                        __stack_start__ = .
                0x2003e000                        __StackLimit = __stack_start__
 *(.stack .stack.*)
                0x20040000                        . = ALIGN (MAX ((__stack_start__ + __STACKSIZE__), .), 0x8)
 *fill*         0x2003e000     0x2000 
                0x20040000                        __stack_end__ = (__stack_start__ + SIZEOF (.stack))
                0x00002000                        __stack_size__ = SIZEOF (.stack)
                0x20040000                        __StackTop = __stack_end__
                0x20040000                        __stack_load_end__ = __stack_end__
                0x00000001                        . = ASSERT (((__stack_start__ == __stack_end__) || ((__stack_end__ - __RAM1_segment_start__) <= __RAM1_segment_size__)), error: .stack is too large to fit in RAM1 memory segment)
                0x00000001                        . = ASSERT ((__heap_end__ <= __stack_start__), error: section .heap overlaps absolute placed section .stack)
                0x00000001                        . = ASSERT ((__STACKSIZE__ == ALIGN (__STACKSIZE__, 0x8)), error: .stack section size does not match alignment)
                0x00000001                        . = ASSERT ((__stack_size__ <= __STACKSIZE__), error: .stack section is larger than specified size)
                0x20040000                        __stack_process_load_start__ = ALIGN (__stack_end__, 0x8)

.stack_process  0x20040000        0x0
                0x20040000                        __stack_process_start__ = .
 *(.stack_process .stack_process.*)
                0x20040000                        . = ALIGN (MAX ((__stack_process_start__ + __STACKSIZE_PROCESS__), .), 0x8)
                0x20040000                        __stack_process_end__ = (__stack_process_start__ + SIZEOF (.stack_process))
                0x00000000                        __stack_process_size__ = SIZEOF (.stack_process)
                0x20040000                        __stack_process_load_end__ = __stack_process_end__
                0x20040000                        __RAM1_segment_used_end__ = (ALIGN (__stack_end__, 0x8) + SIZEOF (.stack_process))
                0x00040000                        __RAM1_segment_used_size__ = (__RAM1_segment_used_end__ - __RAM1_segment_start__)
                0x00000001                        . = ASSERT (((__stack_process_start__ == __stack_process_end__) || ((__stack_process_end__ - __RAM1_segment_start__) <= __RAM1_segment_size__)), error: .stack_process is too large to fit in RAM1 memory segment)
                0x00000001                        . = ASSERT ((__STACKSIZE_PROCESS__ == ALIGN (__STACKSIZE_PROCESS__, 0x8)), error: .stack_process section size does not match alignment)
                0x00000001                        . = ASSERT ((__stack_process_size__ <= __STACKSIZE_PROCESS__), error: .stack_process section is larger than specified size)
                0x00002000                        __STACKSIZE__ = 0x2000
                0x00000000                        __STACKSIZE_PROCESS__ = 0x0
                0x00002000                        __HEAPSIZE__ = 0x2000
                0x00000000                        __SEGGER_RTL_vfprintf = __SEGGER_RTL_vfprintf_long
                0x00000000                        __SEGGER_RTL_vfscanf = __SEGGER_RTL_vfscanf_long
START GROUP
LOAD Output/Debug/Obj/uart_pca10056/thumb_crt0.o
LOAD Output/Debug/Obj/uart_pca10056/nrf_log_frontend.o
LOAD Output/Debug/Obj/uart_pca10056/nrf_log_str_formatter.o
LOAD Output/Debug/Obj/uart_pca10056/boards.o
LOAD Output/Debug/Obj/uart_pca10056/app_error.o
LOAD Output/Debug/Obj/uart_pca10056/app_error_handler_gcc.o
LOAD Output/Debug/Obj/uart_pca10056/app_error_weak.o
LOAD Output/Debug/Obj/uart_pca10056/app_fifo.o
LOAD Output/Debug/Obj/uart_pca10056/app_uart_fifo.o
LOAD Output/Debug/Obj/uart_pca10056/app_util_platform.o
LOAD Output/Debug/Obj/uart_pca10056/nrf_assert.o
LOAD Output/Debug/Obj/uart_pca10056/nrf_atomic.o
LOAD Output/Debug/Obj/uart_pca10056/nrf_balloc.o
LOAD Output/Debug/Obj/uart_pca10056/nrf_fprintf.o
LOAD Output/Debug/Obj/uart_pca10056/nrf_fprintf_format.o
LOAD Output/Debug/Obj/uart_pca10056/nrf_memobj.o
LOAD Output/Debug/Obj/uart_pca10056/nrf_ringbuf.o
LOAD Output/Debug/Obj/uart_pca10056/nrf_strerror.o
LOAD Output/Debug/Obj/uart_pca10056/retarget.o
LOAD Output/Debug/Obj/uart_pca10056/nrf_drv_uart.o
LOAD Output/Debug/Obj/uart_pca10056/nrfx_atomic.o
LOAD Output/Debug/Obj/uart_pca10056/nrfx_prs.o
LOAD Output/Debug/Obj/uart_pca10056/nrfx_uart.o
LOAD Output/Debug/Obj/uart_pca10056/nrfx_uarte.o
LOAD Output/Debug/Obj/uart_pca10056/main.o
LOAD Output/Debug/Obj/uart_pca10056/ses_startup_nrf52840.o
LOAD Output/Debug/Obj/uart_pca10056/ses_startup_nrf_common.o
LOAD Output/Debug/Obj/uart_pca10056/system_nrf52840.o
LOAD C:/Program Files/SEGGER/SEGGER Embedded Studio 8.24/lib/libc_v7em_fpv4_sp_d16_hard_t_le_eabi_balanced.a
LOAD C:/Program Files/SEGGER/SEGGER Embedded Studio 8.24/lib/prinops_rtt_v7em_fpv4_sp_d16_hard_t_le_eabi_balanced.a
LOAD C:/Program Files/SEGGER/SEGGER Embedded Studio 8.24/lib/heapops_basic_v7em_fpv4_sp_d16_hard_t_le_eabi_balanced.a
LOAD C:/Program Files/SEGGER/SEGGER Embedded Studio 8.24/lib/heapops_disable_interrupts_locking_v7em_fpv4_sp_d16_hard_t_le_eabi_balanced.a
LOAD C:/Program Files/SEGGER/SEGGER Embedded Studio 8.24/lib/strops_unaligned_v7em_fpv4_sp_d16_hard_t_le_eabi_balanced.a
LOAD C:/Program Files/SEGGER/SEGGER Embedded Studio 8.24/lib/mbops_timeops_v7em_fpv4_sp_d16_hard_t_le_eabi_balanced.a
END GROUP
OUTPUT(C:/Users/HI/Desktop/pikaaa/nRF52_dongle/examples/jesica/uart/pca10056/blank/ses/Output/Debug/Exe/uart_pca10056.elf elf32-littlearm)
LOAD linker stubs

.ARM.attributes
                0x00000000       0x36
 .ARM.attributes
                0x00000000       0x20 Output/Debug/Obj/uart_pca10056/thumb_crt0.o
 .ARM.attributes
                0x00000020       0x36 Output/Debug/Obj/uart_pca10056/boards.o
 .ARM.attributes
                0x00000056       0x36 Output/Debug/Obj/uart_pca10056/app_error.o
 .ARM.attributes
                0x0000008c       0x36 Output/Debug/Obj/uart_pca10056/app_error_handler_gcc.o
 .ARM.attributes
                0x000000c2       0x36 Output/Debug/Obj/uart_pca10056/app_error_weak.o
 .ARM.attributes
                0x000000f8       0x36 Output/Debug/Obj/uart_pca10056/app_fifo.o
 .ARM.attributes
                0x0000012e       0x36 Output/Debug/Obj/uart_pca10056/app_uart_fifo.o
 .ARM.attributes
                0x00000164       0x36 Output/Debug/Obj/uart_pca10056/app_util_platform.o
 .ARM.attributes
                0x0000019a       0x36 Output/Debug/Obj/uart_pca10056/nrf_assert.o
 .ARM.attributes
                0x000001d0       0x36 Output/Debug/Obj/uart_pca10056/nrf_drv_uart.o
 .ARM.attributes
                0x00000206       0x36 Output/Debug/Obj/uart_pca10056/nrfx_prs.o
 .ARM.attributes
                0x0000023c       0x36 Output/Debug/Obj/uart_pca10056/nrfx_uart.o
 .ARM.attributes
                0x00000272       0x36 Output/Debug/Obj/uart_pca10056/nrfx_uarte.o
 .ARM.attributes
                0x000002a8       0x36 Output/Debug/Obj/uart_pca10056/main.o
 .ARM.attributes
                0x000002de       0x20 Output/Debug/Obj/uart_pca10056/ses_startup_nrf52840.o
 .ARM.attributes
                0x000002fe       0x20 Output/Debug/Obj/uart_pca10056/ses_startup_nrf_common.o
 .ARM.attributes
                0x0000031e       0x36 Output/Debug/Obj/uart_pca10056/system_nrf52840.o
 .ARM.attributes
                0x00000354       0x3e C:/Program Files/SEGGER/SEGGER Embedded Studio 8.24/lib/libc_v7em_fpv4_sp_d16_hard_t_le_eabi_balanced.a(fileops.o)
 .ARM.attributes
                0x00000392       0x3e C:/Program Files/SEGGER/SEGGER Embedded Studio 8.24/lib/prinops_rtt_v7em_fpv4_sp_d16_hard_t_le_eabi_balanced.a(prinops_rtt.o)
 .ARM.attributes
                0x000003d0       0x3e C:/Program Files/SEGGER/SEGGER Embedded Studio 8.24/lib/prinops_rtt_v7em_fpv4_sp_d16_hard_t_le_eabi_balanced.a(SEGGER_RTT.o)
 .ARM.attributes
                0x0000040e       0x3e C:/Program Files/SEGGER/SEGGER Embedded Studio 8.24/lib/heapops_basic_v7em_fpv4_sp_d16_hard_t_le_eabi_balanced.a(heapops_basic.o)
 .ARM.attributes
                0x0000044c       0x3e C:/Program Files/SEGGER/SEGGER Embedded Studio 8.24/lib/strops_unaligned_v7em_fpv4_sp_d16_hard_t_le_eabi_balanced.a(strops.o)
 .ARM.attributes
                0x0000048a       0x20 C:/Program Files/SEGGER/SEGGER Embedded Studio 8.24/lib/strops_unaligned_v7em_fpv4_sp_d16_hard_t_le_eabi_balanced.a(strasmops_arm.o)

.comment        0x00000000       0x7a
 .comment       0x00000000       0x7a Output/Debug/Obj/uart_pca10056/boards.o
                                 0x3e (size before relaxing)
 .comment       0x0000007a       0x3e Output/Debug/Obj/uart_pca10056/app_error.o
 .comment       0x0000007a       0x3e Output/Debug/Obj/uart_pca10056/app_error_handler_gcc.o
 .comment       0x0000007a       0x3e Output/Debug/Obj/uart_pca10056/app_error_weak.o
 .comment       0x0000007a       0x3e Output/Debug/Obj/uart_pca10056/app_fifo.o
 .comment       0x0000007a       0x3e Output/Debug/Obj/uart_pca10056/app_uart_fifo.o
 .comment       0x0000007a       0x3e Output/Debug/Obj/uart_pca10056/app_util_platform.o
 .comment       0x0000007a       0x3e Output/Debug/Obj/uart_pca10056/nrf_assert.o
 .comment       0x0000007a       0x3e Output/Debug/Obj/uart_pca10056/nrf_drv_uart.o
 .comment       0x0000007a       0x3e Output/Debug/Obj/uart_pca10056/nrfx_prs.o
 .comment       0x0000007a       0x3e Output/Debug/Obj/uart_pca10056/nrfx_uart.o
 .comment       0x0000007a       0x3e Output/Debug/Obj/uart_pca10056/nrfx_uarte.o
 .comment       0x0000007a       0x3e Output/Debug/Obj/uart_pca10056/main.o
 .comment       0x0000007a       0x3e Output/Debug/Obj/uart_pca10056/system_nrf52840.o
 .comment       0x0000007a       0x3e C:/Program Files/SEGGER/SEGGER Embedded Studio 8.24/lib/libc_v7em_fpv4_sp_d16_hard_t_le_eabi_balanced.a(fileops.o)
 .comment       0x0000007a       0x3e C:/Program Files/SEGGER/SEGGER Embedded Studio 8.24/lib/prinops_rtt_v7em_fpv4_sp_d16_hard_t_le_eabi_balanced.a(prinops_rtt.o)
 .comment       0x0000007a       0x3e C:/Program Files/SEGGER/SEGGER Embedded Studio 8.24/lib/prinops_rtt_v7em_fpv4_sp_d16_hard_t_le_eabi_balanced.a(SEGGER_RTT.o)
 .comment       0x0000007a       0x3e C:/Program Files/SEGGER/SEGGER Embedded Studio 8.24/lib/heapops_basic_v7em_fpv4_sp_d16_hard_t_le_eabi_balanced.a(heapops_basic.o)
 .comment       0x0000007a       0x3e C:/Program Files/SEGGER/SEGGER Embedded Studio 8.24/lib/strops_unaligned_v7em_fpv4_sp_d16_hard_t_le_eabi_balanced.a(strops.o)

.note.GNU-stack
                0x00000000        0x0
 .note.GNU-stack
                0x00000000        0x0 C:/Program Files/SEGGER/SEGGER Embedded Studio 8.24/lib/libc_v7em_fpv4_sp_d16_hard_t_le_eabi_balanced.a(fileops.o)
 .note.GNU-stack
                0x00000000        0x0 C:/Program Files/SEGGER/SEGGER Embedded Studio 8.24/lib/prinops_rtt_v7em_fpv4_sp_d16_hard_t_le_eabi_balanced.a(prinops_rtt.o)
 .note.GNU-stack
                0x00000000        0x0 C:/Program Files/SEGGER/SEGGER Embedded Studio 8.24/lib/prinops_rtt_v7em_fpv4_sp_d16_hard_t_le_eabi_balanced.a(SEGGER_RTT.o)
 .note.GNU-stack
                0x00000000        0x0 C:/Program Files/SEGGER/SEGGER Embedded Studio 8.24/lib/heapops_basic_v7em_fpv4_sp_d16_hard_t_le_eabi_balanced.a(heapops_basic.o)
 .note.GNU-stack
                0x00000000        0x0 C:/Program Files/SEGGER/SEGGER Embedded Studio 8.24/lib/strops_unaligned_v7em_fpv4_sp_d16_hard_t_le_eabi_balanced.a(strops.o)

.debug_line     0x00000000     0xa68b
 .debug_line    0x00000000      0x190 Output/Debug/Obj/uart_pca10056/thumb_crt0.o
 .debug_line    0x00000190      0xad0 Output/Debug/Obj/uart_pca10056/boards.o
 .debug_line    0x00000c60      0x39a Output/Debug/Obj/uart_pca10056/app_error.o
 .debug_line    0x00000ffa      0x394 Output/Debug/Obj/uart_pca10056/app_error_handler_gcc.o
 .debug_line    0x0000138e      0x5b1 Output/Debug/Obj/uart_pca10056/app_error_weak.o
 .debug_line    0x0000193f      0x5a7 Output/Debug/Obj/uart_pca10056/app_fifo.o
 .debug_line    0x00001ee6      0x91f Output/Debug/Obj/uart_pca10056/app_uart_fifo.o
 .debug_line    0x00002805      0x483 Output/Debug/Obj/uart_pca10056/app_util_platform.o
 .debug_line    0x00002c88      0x31e Output/Debug/Obj/uart_pca10056/nrf_assert.o
 .debug_line    0x00002fa6      0x6c4 Output/Debug/Obj/uart_pca10056/nrf_drv_uart.o
 .debug_line    0x0000366a      0x731 Output/Debug/Obj/uart_pca10056/nrfx_prs.o
 .debug_line    0x00003d9b     0x12e4 Output/Debug/Obj/uart_pca10056/nrfx_uart.o
 .debug_line    0x0000507f     0x12c5 Output/Debug/Obj/uart_pca10056/nrfx_uarte.o
 .debug_line    0x00006344      0x6d7 Output/Debug/Obj/uart_pca10056/main.o
 .debug_line    0x00006a1b       0x8e Output/Debug/Obj/uart_pca10056/ses_startup_nrf52840.o
 .debug_line    0x00006aa9       0xad Output/Debug/Obj/uart_pca10056/ses_startup_nrf_common.o
 .debug_line    0x00006b56     0x3b35 Output/Debug/Obj/uart_pca10056/system_nrf52840.o

.debug_info     0x00000000     0xda52
 .debug_info    0x00000000       0x22 Output/Debug/Obj/uart_pca10056/thumb_crt0.o
 .debug_info    0x00000022     0x11c1 Output/Debug/Obj/uart_pca10056/boards.o
 .debug_info    0x000011e3      0x289 Output/Debug/Obj/uart_pca10056/app_error.o
 .debug_info    0x0000146c      0x108 Output/Debug/Obj/uart_pca10056/app_error_handler_gcc.o
 .debug_info    0x00001574      0x25c Output/Debug/Obj/uart_pca10056/app_error_weak.o
 .debug_info    0x000017d0      0x42d Output/Debug/Obj/uart_pca10056/app_fifo.o
 .debug_info    0x00001bfd     0x1405 Output/Debug/Obj/uart_pca10056/app_uart_fifo.o
 .debug_info    0x00003002      0x773 Output/Debug/Obj/uart_pca10056/app_util_platform.o
 .debug_info    0x00003775      0x135 Output/Debug/Obj/uart_pca10056/nrf_assert.o
 .debug_info    0x000038aa     0x11ee Output/Debug/Obj/uart_pca10056/nrf_drv_uart.o
 .debug_info    0x00004a98      0x70d Output/Debug/Obj/uart_pca10056/nrfx_prs.o
 .debug_info    0x000051a5     0x1e4f Output/Debug/Obj/uart_pca10056/nrfx_uart.o
 .debug_info    0x00006ff4     0x1f70 Output/Debug/Obj/uart_pca10056/nrfx_uarte.o
 .debug_info    0x00008f64      0x4b9 Output/Debug/Obj/uart_pca10056/main.o
 .debug_info    0x0000941d       0x23 Output/Debug/Obj/uart_pca10056/ses_startup_nrf52840.o
 .debug_info    0x00009440       0x23 Output/Debug/Obj/uart_pca10056/ses_startup_nrf_common.o
 .debug_info    0x00009463     0x45ef Output/Debug/Obj/uart_pca10056/system_nrf52840.o

.debug_abbrev   0x00000000     0x1caf
 .debug_abbrev  0x00000000       0x12 Output/Debug/Obj/uart_pca10056/thumb_crt0.o
 .debug_abbrev  0x00000012      0x2f0 Output/Debug/Obj/uart_pca10056/boards.o
 .debug_abbrev  0x00000302      0x13f Output/Debug/Obj/uart_pca10056/app_error.o
 .debug_abbrev  0x00000441       0xa5 Output/Debug/Obj/uart_pca10056/app_error_handler_gcc.o
 .debug_abbrev  0x000004e6      0x159 Output/Debug/Obj/uart_pca10056/app_error_weak.o
 .debug_abbrev  0x0000063f      0x142 Output/Debug/Obj/uart_pca10056/app_fifo.o
 .debug_abbrev  0x00000781      0x2bb Output/Debug/Obj/uart_pca10056/app_uart_fifo.o
 .debug_abbrev  0x00000a3c      0x275 Output/Debug/Obj/uart_pca10056/app_util_platform.o
 .debug_abbrev  0x00000cb1       0xd6 Output/Debug/Obj/uart_pca10056/nrf_assert.o
 .debug_abbrev  0x00000d87      0x21a Output/Debug/Obj/uart_pca10056/nrf_drv_uart.o
 .debug_abbrev  0x00000fa1      0x1e3 Output/Debug/Obj/uart_pca10056/nrfx_prs.o
 .debug_abbrev  0x00001184      0x3ac Output/Debug/Obj/uart_pca10056/nrfx_uart.o
 .debug_abbrev  0x00001530      0x374 Output/Debug/Obj/uart_pca10056/nrfx_uarte.o
 .debug_abbrev  0x000018a4      0x18e Output/Debug/Obj/uart_pca10056/main.o
 .debug_abbrev  0x00001a32       0x14 Output/Debug/Obj/uart_pca10056/ses_startup_nrf52840.o
 .debug_abbrev  0x00001a46       0x14 Output/Debug/Obj/uart_pca10056/ses_startup_nrf_common.o
 .debug_abbrev  0x00001a5a      0x255 Output/Debug/Obj/uart_pca10056/system_nrf52840.o

.debug_aranges  0x00000000     0x13f0
 .debug_aranges
                0x00000000       0x58 Output/Debug/Obj/uart_pca10056/thumb_crt0.o
 .debug_aranges
                0x00000058      0x110 Output/Debug/Obj/uart_pca10056/boards.o
 .debug_aranges
                0x00000168       0x28 Output/Debug/Obj/uart_pca10056/app_error.o
 .debug_aranges
                0x00000190       0x20 Output/Debug/Obj/uart_pca10056/app_error_handler_gcc.o
 .debug_aranges
                0x000001b0       0x20 Output/Debug/Obj/uart_pca10056/app_error_weak.o
 .debug_aranges
                0x000001d0       0x70 Output/Debug/Obj/uart_pca10056/app_fifo.o
 .debug_aranges
                0x00000240       0x70 Output/Debug/Obj/uart_pca10056/app_uart_fifo.o
 .debug_aranges
                0x000002b0       0x50 Output/Debug/Obj/uart_pca10056/app_util_platform.o
 .debug_aranges
                0x00000300       0x20 Output/Debug/Obj/uart_pca10056/nrf_assert.o
 .debug_aranges
                0x00000320       0x30 Output/Debug/Obj/uart_pca10056/nrf_drv_uart.o
 .debug_aranges
                0x00000350       0x38 Output/Debug/Obj/uart_pca10056/nrfx_prs.o
 .debug_aranges
                0x00000388      0x1f0 Output/Debug/Obj/uart_pca10056/nrfx_uart.o
 .debug_aranges
                0x00000578      0x1e0 Output/Debug/Obj/uart_pca10056/nrfx_uarte.o
 .debug_aranges
                0x00000758       0x28 Output/Debug/Obj/uart_pca10056/main.o
 .debug_aranges
                0x00000780       0x20 Output/Debug/Obj/uart_pca10056/ses_startup_nrf52840.o
 .debug_aranges
                0x000007a0       0x20 Output/Debug/Obj/uart_pca10056/ses_startup_nrf_common.o
 .debug_aranges
                0x000007c0      0xc30 Output/Debug/Obj/uart_pca10056/system_nrf52840.o

.debug_str      0x00000000    0x9808c
 .debug_str     0x00000000    0x9808c Output/Debug/Obj/uart_pca10056/thumb_crt0.o
                                 0xa6 (size before relaxing)
 .debug_str     0x0009808c    0x88a1e Output/Debug/Obj/uart_pca10056/boards.o
 .debug_str     0x0009808c    0x7aa25 Output/Debug/Obj/uart_pca10056/app_error.o
 .debug_str     0x0009808c    0x84ab3 Output/Debug/Obj/uart_pca10056/app_error_handler_gcc.o
 .debug_str     0x0009808c    0x878cf Output/Debug/Obj/uart_pca10056/app_error_weak.o
 .debug_str     0x0009808c    0x8476b Output/Debug/Obj/uart_pca10056/app_fifo.o
 .debug_str     0x0009808c    0x89386 Output/Debug/Obj/uart_pca10056/app_uart_fifo.o
 .debug_str     0x0009808c    0x7b293 Output/Debug/Obj/uart_pca10056/app_util_platform.o
 .debug_str     0x0009808c    0x7aa39 Output/Debug/Obj/uart_pca10056/nrf_assert.o
 .debug_str     0x0009808c    0x88ab0 Output/Debug/Obj/uart_pca10056/nrf_drv_uart.o
 .debug_str     0x0009808c    0x8a9b2 Output/Debug/Obj/uart_pca10056/nrfx_prs.o
 .debug_str     0x0009808c    0x8bbdd Output/Debug/Obj/uart_pca10056/nrfx_uart.o
 .debug_str     0x0009808c    0x8c06f Output/Debug/Obj/uart_pca10056/nrfx_uarte.o
 .debug_str     0x0009808c    0x88c6a Output/Debug/Obj/uart_pca10056/main.o
 .debug_str     0x0009808c       0xae Output/Debug/Obj/uart_pca10056/ses_startup_nrf52840.o
 .debug_str     0x0009808c       0xb0 Output/Debug/Obj/uart_pca10056/ses_startup_nrf_common.o
 .debug_str     0x0009808c    0x83f66 Output/Debug/Obj/uart_pca10056/system_nrf52840.o

.debug_ranges   0x00000000     0x12c8
 .debug_ranges  0x00000000       0x50 Output/Debug/Obj/uart_pca10056/thumb_crt0.o
 .debug_ranges  0x00000050      0x100 Output/Debug/Obj/uart_pca10056/boards.o
 .debug_ranges  0x00000150       0x18 Output/Debug/Obj/uart_pca10056/app_error.o
 .debug_ranges  0x00000168       0x10 Output/Debug/Obj/uart_pca10056/app_error_handler_gcc.o
 .debug_ranges  0x00000178       0x10 Output/Debug/Obj/uart_pca10056/app_error_weak.o
 .debug_ranges  0x00000188       0x60 Output/Debug/Obj/uart_pca10056/app_fifo.o
 .debug_ranges  0x000001e8       0x60 Output/Debug/Obj/uart_pca10056/app_uart_fifo.o
 .debug_ranges  0x00000248       0x40 Output/Debug/Obj/uart_pca10056/app_util_platform.o
 .debug_ranges  0x00000288       0x10 Output/Debug/Obj/uart_pca10056/nrf_assert.o
 .debug_ranges  0x00000298       0x20 Output/Debug/Obj/uart_pca10056/nrf_drv_uart.o
 .debug_ranges  0x000002b8       0x28 Output/Debug/Obj/uart_pca10056/nrfx_prs.o
 .debug_ranges  0x000002e0      0x1e0 Output/Debug/Obj/uart_pca10056/nrfx_uart.o
 .debug_ranges  0x000004c0      0x1d0 Output/Debug/Obj/uart_pca10056/nrfx_uarte.o
 .debug_ranges  0x00000690       0x18 Output/Debug/Obj/uart_pca10056/main.o
 .debug_ranges  0x000006a8      0xc20 Output/Debug/Obj/uart_pca10056/system_nrf52840.o

.debug_pubnames
                0x00000000     0x4c3d
 .debug_pubnames
                0x00000000      0x533 Output/Debug/Obj/uart_pca10056/boards.o
 .debug_pubnames
                0x00000533       0x88 Output/Debug/Obj/uart_pca10056/app_error.o
 .debug_pubnames
                0x000005bb       0x44 Output/Debug/Obj/uart_pca10056/app_error_handler_gcc.o
 .debug_pubnames
                0x000005ff      0x101 Output/Debug/Obj/uart_pca10056/app_error_weak.o
 .debug_pubnames
                0x00000700       0xc8 Output/Debug/Obj/uart_pca10056/app_fifo.o
 .debug_pubnames
                0x000007c8      0x4da Output/Debug/Obj/uart_pca10056/app_uart_fifo.o
 .debug_pubnames
                0x00000ca2      0x23b Output/Debug/Obj/uart_pca10056/app_util_platform.o
 .debug_pubnames
                0x00000edd       0x46 Output/Debug/Obj/uart_pca10056/nrf_assert.o
 .debug_pubnames
                0x00000f23      0x10a Output/Debug/Obj/uart_pca10056/nrf_drv_uart.o
 .debug_pubnames
                0x0000102d      0x17a Output/Debug/Obj/uart_pca10056/nrfx_prs.o
 .debug_pubnames
                0x000011a7      0xb06 Output/Debug/Obj/uart_pca10056/nrfx_uart.o
 .debug_pubnames
                0x00001cad      0xcb6 Output/Debug/Obj/uart_pca10056/nrfx_uarte.o
 .debug_pubnames
                0x00002963      0x405 Output/Debug/Obj/uart_pca10056/main.o
 .debug_pubnames
                0x00002d68     0x1ed5 Output/Debug/Obj/uart_pca10056/system_nrf52840.o

.debug_pubtypes
                0x00000000     0x1c5e
 .debug_pubtypes
                0x00000000      0x1e9 Output/Debug/Obj/uart_pca10056/boards.o
 .debug_pubtypes
                0x000001e9      0x120 Output/Debug/Obj/uart_pca10056/app_error.o
 .debug_pubtypes
                0x00000309       0xfe Output/Debug/Obj/uart_pca10056/app_error_handler_gcc.o
 .debug_pubtypes
                0x00000407      0x12f Output/Debug/Obj/uart_pca10056/app_error_weak.o
 .debug_pubtypes
                0x00000536      0x10b Output/Debug/Obj/uart_pca10056/app_fifo.o
 .debug_pubtypes
                0x00000641      0x378 Output/Debug/Obj/uart_pca10056/app_uart_fifo.o
 .debug_pubtypes
                0x000009b9      0x126 Output/Debug/Obj/uart_pca10056/app_util_platform.o
 .debug_pubtypes
                0x00000adf      0x103 Output/Debug/Obj/uart_pca10056/nrf_assert.o
 .debug_pubtypes
                0x00000be2      0x435 Output/Debug/Obj/uart_pca10056/nrf_drv_uart.o
 .debug_pubtypes
                0x00001017      0x196 Output/Debug/Obj/uart_pca10056/nrfx_prs.o
 .debug_pubtypes
                0x000011ad      0x36c Output/Debug/Obj/uart_pca10056/nrfx_uart.o
 .debug_pubtypes
                0x00001519      0x3a1 Output/Debug/Obj/uart_pca10056/nrfx_uarte.o
 .debug_pubtypes
                0x000018ba      0x1a6 Output/Debug/Obj/uart_pca10056/main.o
 .debug_pubtypes
                0x00001a60      0x1fe Output/Debug/Obj/uart_pca10056/system_nrf52840.o

.debug_macro    0x00000000     0x4e53
 .debug_macro   0x00000000      0x24c Output/Debug/Obj/uart_pca10056/boards.o
 .debug_macro   0x0000024c       0x22 Output/Debug/Obj/uart_pca10056/boards.o
 .debug_macro   0x0000026e       0xfb Output/Debug/Obj/uart_pca10056/boards.o
 .debug_macro   0x00000369       0x40 Output/Debug/Obj/uart_pca10056/boards.o
 .debug_macro   0x000003a9      0x462 Output/Debug/Obj/uart_pca10056/boards.o
 .debug_macro   0x0000080b       0x59 Output/Debug/Obj/uart_pca10056/boards.o
 .debug_macro   0x00000864      0x145 Output/Debug/Obj/uart_pca10056/boards.o
 .debug_macro   0x000009a9      0x14e Output/Debug/Obj/uart_pca10056/boards.o
 .debug_macro   0x00000af7       0x3f Output/Debug/Obj/uart_pca10056/boards.o
 .debug_macro   0x00000b36       0x58 Output/Debug/Obj/uart_pca10056/boards.o
 .debug_macro   0x00000b8e       0x49 Output/Debug/Obj/uart_pca10056/boards.o
 .debug_macro   0x00000bd7       0x8c Output/Debug/Obj/uart_pca10056/boards.o
 .debug_macro   0x00000c63       0x19 Output/Debug/Obj/uart_pca10056/boards.o
 .debug_macro   0x00000c7c       0x1d Output/Debug/Obj/uart_pca10056/boards.o
 .debug_macro   0x00000c99       0x35 Output/Debug/Obj/uart_pca10056/boards.o
 .debug_macro   0x00000cce       0x7b Output/Debug/Obj/uart_pca10056/boards.o
 .debug_macro   0x00000d49       0x64 Output/Debug/Obj/uart_pca10056/boards.o
 .debug_macro   0x00000dad       0x20 Output/Debug/Obj/uart_pca10056/boards.o
 .debug_macro   0x00000dcd       0x1c Output/Debug/Obj/uart_pca10056/boards.o
 .debug_macro   0x00000de9       0x9a Output/Debug/Obj/uart_pca10056/boards.o
 .debug_macro   0x00000e83      0x16d Output/Debug/Obj/uart_pca10056/boards.o
 .debug_macro   0x00000ff0      0x12a Output/Debug/Obj/uart_pca10056/app_error.o
 .debug_macro   0x0000111a       0x64 Output/Debug/Obj/uart_pca10056/app_error.o
 .debug_macro   0x0000117e      0x183 Output/Debug/Obj/uart_pca10056/app_error_handler_gcc.o
 .debug_macro   0x00001301      0x229 Output/Debug/Obj/uart_pca10056/app_error_weak.o
 .debug_macro   0x0000152a       0x31 Output/Debug/Obj/uart_pca10056/app_error_weak.o
 .debug_macro   0x0000155b       0x16 Output/Debug/Obj/uart_pca10056/app_error_weak.o
 .debug_macro   0x00001571       0x55 Output/Debug/Obj/uart_pca10056/app_error_weak.o
 .debug_macro   0x000015c6      0x17f Output/Debug/Obj/uart_pca10056/app_error_weak.o
 .debug_macro   0x00001745       0x9a Output/Debug/Obj/uart_pca10056/app_error_weak.o
 .debug_macro   0x000017df       0x28 Output/Debug/Obj/uart_pca10056/app_error_weak.o
 .debug_macro   0x00001807       0x23 Output/Debug/Obj/uart_pca10056/app_error_weak.o
 .debug_macro   0x0000182a       0x1c Output/Debug/Obj/uart_pca10056/app_error_weak.o
 .debug_macro   0x00001846      0x17a Output/Debug/Obj/uart_pca10056/app_fifo.o
 .debug_macro   0x000019c0       0x28 Output/Debug/Obj/uart_pca10056/app_fifo.o
 .debug_macro   0x000019e8      0x2c5 Output/Debug/Obj/uart_pca10056/app_uart_fifo.o
 .debug_macro   0x00001cad       0x18 Output/Debug/Obj/uart_pca10056/app_uart_fifo.o
 .debug_macro   0x00001cc5       0x22 Output/Debug/Obj/uart_pca10056/app_uart_fifo.o
 .debug_macro   0x00001ce7       0x10 Output/Debug/Obj/uart_pca10056/app_uart_fifo.o
 .debug_macro   0x00001cf7       0x10 Output/Debug/Obj/uart_pca10056/app_uart_fifo.o
 .debug_macro   0x00001d07       0x10 Output/Debug/Obj/uart_pca10056/app_uart_fifo.o
 .debug_macro   0x00001d17       0x10 Output/Debug/Obj/uart_pca10056/app_uart_fifo.o
 .debug_macro   0x00001d27       0x10 Output/Debug/Obj/uart_pca10056/app_uart_fifo.o
 .debug_macro   0x00001d37       0x3f Output/Debug/Obj/uart_pca10056/app_uart_fifo.o
 .debug_macro   0x00001d76      0x146 Output/Debug/Obj/uart_pca10056/app_util_platform.o
 .debug_macro   0x00001ebc      0x139 Output/Debug/Obj/uart_pca10056/nrf_assert.o
 .debug_macro   0x00001ff5       0x10 Output/Debug/Obj/uart_pca10056/nrf_assert.o
 .debug_macro   0x00002005      0x275 Output/Debug/Obj/uart_pca10056/nrf_drv_uart.o
 .debug_macro   0x0000227a      0x2cb Output/Debug/Obj/uart_pca10056/nrfx_prs.o
 .debug_macro   0x00002545       0x28 Output/Debug/Obj/uart_pca10056/nrfx_prs.o
 .debug_macro   0x0000256d       0x1c Output/Debug/Obj/uart_pca10056/nrfx_prs.o
 .debug_macro   0x00002589       0x37 Output/Debug/Obj/uart_pca10056/nrfx_prs.o
 .debug_macro   0x000025c0       0x10 Output/Debug/Obj/uart_pca10056/nrfx_prs.o
 .debug_macro   0x000025d0      0x179 Output/Debug/Obj/uart_pca10056/nrfx_prs.o
 .debug_macro   0x00002749       0x42 Output/Debug/Obj/uart_pca10056/nrfx_prs.o
 .debug_macro   0x0000278b      0x2e6 Output/Debug/Obj/uart_pca10056/nrfx_uart.o
 .debug_macro   0x00002a71       0x22 Output/Debug/Obj/uart_pca10056/nrfx_uart.o
 .debug_macro   0x00002a93      0x304 Output/Debug/Obj/uart_pca10056/nrfx_uarte.o
 .debug_macro   0x00002d97      0x29d Output/Debug/Obj/uart_pca10056/main.o
 .debug_macro   0x00003034      0x7d0 Output/Debug/Obj/uart_pca10056/main.o
 .debug_macro   0x00003804      0x145 Output/Debug/Obj/uart_pca10056/system_nrf52840.o
 .debug_macro   0x00003949      0x44e Output/Debug/Obj/uart_pca10056/system_nrf52840.o
 .debug_macro   0x00003d97      0xa28 Output/Debug/Obj/uart_pca10056/system_nrf52840.o
 .debug_macro   0x000047bf      0x520 Output/Debug/Obj/uart_pca10056/system_nrf52840.o
 .debug_macro   0x00004cdf      0x164 Output/Debug/Obj/uart_pca10056/system_nrf52840.o
 .debug_macro   0x00004e43       0x10 Output/Debug/Obj/uart_pca10056/system_nrf52840.o

.debug_frame    0x00000000     0x2fec
 .debug_frame   0x00000000      0x348 Output/Debug/Obj/uart_pca10056/boards.o
 .debug_frame   0x00000348       0x44 Output/Debug/Obj/uart_pca10056/app_error.o
 .debug_frame   0x0000038c       0x20 Output/Debug/Obj/uart_pca10056/app_error_handler_gcc.o
 .debug_frame   0x000003ac       0x2c Output/Debug/Obj/uart_pca10056/app_error_weak.o
 .debug_frame   0x000003d8      0x134 Output/Debug/Obj/uart_pca10056/app_fifo.o
 .debug_frame   0x0000050c      0x140 Output/Debug/Obj/uart_pca10056/app_uart_fifo.o
 .debug_frame   0x0000064c       0xb4 Output/Debug/Obj/uart_pca10056/app_util_platform.o
 .debug_frame   0x00000700       0x2c Output/Debug/Obj/uart_pca10056/nrf_assert.o
 .debug_frame   0x0000072c       0x68 Output/Debug/Obj/uart_pca10056/nrf_drv_uart.o
 .debug_frame   0x00000794       0x78 Output/Debug/Obj/uart_pca10056/nrfx_prs.o
 .debug_frame   0x0000080c      0x620 Output/Debug/Obj/uart_pca10056/nrfx_uart.o
 .debug_frame   0x00000e2c      0x5d4 Output/Debug/Obj/uart_pca10056/nrfx_uarte.o
 .debug_frame   0x00001400       0x48 Output/Debug/Obj/uart_pca10056/main.o
 .debug_frame   0x00001448     0x1ba4 Output/Debug/Obj/uart_pca10056/system_nrf52840.o
